09:30:17 **** Build of project kmeans_bsp ****
make -k all 
Running Make include in ps7_cortexa9_0/libsrc/dmaps_v2_3/src
make -C ps7_cortexa9_0/libsrc/dmaps_v2_3/src -s include  "SHELL=/bin/sh" "COMPILER=arm-none-eabi-gcc" "ARCHIVER=arm-none-eabi-ar" "COMPILER_FLAGS=  -O2 -c" "EXTRA_COMPILER_FLAGS=-mcpu=cortex-a9 -mfpu=vfpv3 -mfloat-abi=hard -nostartfiles -g -Wall -Wextra"
Running Make include in ps7_cortexa9_0/libsrc/ddrps_v1_0/src
make -C ps7_cortexa9_0/libsrc/ddrps_v1_0/src -s include  "SHELL=/bin/sh" "COMPILER=arm-none-eabi-gcc" "ARCHIVER=arm-none-eabi-ar" "COMPILER_FLAGS=  -O2 -c" "EXTRA_COMPILER_FLAGS=-mcpu=cortex-a9 -mfpu=vfpv3 -mfloat-abi=hard -nostartfiles -g -Wall -Wextra"
Running Make include in ps7_cortexa9_0/libsrc/qspips_v3_4/src
make -C ps7_cortexa9_0/libsrc/qspips_v3_4/src -s include  "SHELL=/bin/sh" "COMPILER=arm-none-eabi-gcc" "ARCHIVER=arm-none-eabi-ar" "COMPILER_FLAGS=  -O2 -c" "EXTRA_COMPILER_FLAGS=-mcpu=cortex-a9 -mfpu=vfpv3 -mfloat-abi=hard -nostartfiles -g -Wall -Wextra"
Running Make include in ps7_cortexa9_0/libsrc/standalone_v6_7/src
make -C ps7_cortexa9_0/libsrc/standalone_v6_7/src -s include  "SHELL=/bin/sh" "COMPILER=arm-none-eabi-gcc" "ARCHIVER=arm-none-eabi-ar" "COMPILER_FLAGS=  -O2 -c" "EXTRA_COMPILER_FLAGS=-mcpu=cortex-a9 -mfpu=vfpv3 -mfloat-abi=hard -nostartfiles -g -Wall -Wextra"
Running Make include in ps7_cortexa9_0/libsrc/gpiops_v3_3/src
make -C ps7_cortexa9_0/libsrc/gpiops_v3_3/src -s include  "SHELL=/bin/sh" "COMPILER=arm-none-eabi-gcc" "ARCHIVER=arm-none-eabi-ar" "COMPILER_FLAGS=  -O2 -c" "EXTRA_COMPILER_FLAGS=-mcpu=cortex-a9 -mfpu=vfpv3 -mfloat-abi=hard -nostartfiles -g -Wall -Wextra"
Running Make include in ps7_cortexa9_0/libsrc/emacps_v3_7/src
make -C ps7_cortexa9_0/libsrc/emacps_v3_7/src -s include  "SHELL=/bin/sh" "COMPILER=arm-none-eabi-gcc" "ARCHIVER=arm-none-eabi-ar" "COMPILER_FLAGS=  -O2 -c" "EXTRA_COMPILER_FLAGS=-mcpu=cortex-a9 -mfpu=vfpv3 -mfloat-abi=hard -nostartfiles -g -Wall -Wextra"
Running Make include in ps7_cortexa9_0/libsrc/devcfg_v3_5/src
make -C ps7_cortexa9_0/libsrc/devcfg_v3_5/src -s include  "SHELL=/bin/sh" "COMPILER=arm-none-eabi-gcc" "ARCHIVER=arm-none-eabi-ar" "COMPILER_FLAGS=  -O2 -c" "EXTRA_COMPILER_FLAGS=-mcpu=cortex-a9 -mfpu=vfpv3 -mfloat-abi=hard -nostartfiles -g -Wall -Wextra"
Running Make include in ps7_cortexa9_0/libsrc/scugic_v3_9/src
make -C ps7_cortexa9_0/libsrc/scugic_v3_9/src -s include  "SHELL=/bin/sh" "COMPILER=arm-none-eabi-gcc" "ARCHIVER=arm-none-eabi-ar" "COMPILER_FLAGS=  -O2 -c" "EXTRA_COMPILER_FLAGS=-mcpu=cortex-a9 -mfpu=vfpv3 -mfloat-abi=hard -nostartfiles -g -Wall -Wextra"
Running Make include in ps7_cortexa9_0/libsrc/uartps_v3_6/src
make -C ps7_cortexa9_0/libsrc/uartps_v3_6/src -s include  "SHELL=/bin/sh" "COMPILER=arm-none-eabi-gcc" "ARCHIVER=arm-none-eabi-ar" "COMPILER_FLAGS=  -O2 -c" "EXTRA_COMPILER_FLAGS=-mcpu=cortex-a9 -mfpu=vfpv3 -mfloat-abi=hard -nostartfiles -g -Wall -Wextra"
Running Make include in ps7_cortexa9_0/libsrc/xadcps_v2_2/src
make -C ps7_cortexa9_0/libsrc/xadcps_v2_2/src -s include  "SHELL=/bin/sh" "COMPILER=arm-none-eabi-gcc" "ARCHIVER=arm-none-eabi-ar" "COMPILER_FLAGS=  -O2 -c" "EXTRA_COMPILER_FLAGS=-mcpu=cortex-a9 -mfpu=vfpv3 -mfloat-abi=hard -nostartfiles -g -Wall -Wextra"
Running Make include in ps7_cortexa9_0/libsrc/cpu_cortexa9_v2_6/src
make -C ps7_cortexa9_0/libsrc/cpu_cortexa9_v2_6/src -s include  "SHELL=/bin/sh" "COMPILER=arm-none-eabi-gcc" "ARCHIVER=arm-none-eabi-ar" "COMPILER_FLAGS=  -O2 -c" "EXTRA_COMPILER_FLAGS=-mcpu=cortex-a9 -mfpu=vfpv3 -mfloat-abi=hard -nostartfiles -g -Wall -Wextra"
Running Make include in ps7_cortexa9_0/libsrc/scuwdt_v2_1/src
make -C ps7_cortexa9_0/libsrc/scuwdt_v2_1/src -s include  "SHELL=/bin/sh" "COMPILER=arm-none-eabi-gcc" "ARCHIVER=arm-none-eabi-ar" "COMPILER_FLAGS=  -O2 -c" "EXTRA_COMPILER_FLAGS=-mcpu=cortex-a9 -mfpu=vfpv3 -mfloat-abi=hard -nostartfiles -g -Wall -Wextra"
Running Make include in ps7_cortexa9_0/libsrc/ttcps_v3_6/src
make -C ps7_cortexa9_0/libsrc/ttcps_v3_6/src -s include  "SHELL=/bin/sh" "COMPILER=arm-none-eabi-gcc" "ARCHIVER=arm-none-eabi-ar" "COMPILER_FLAGS=  -O2 -c" "EXTRA_COMPILER_FLAGS=-mcpu=cortex-a9 -mfpu=vfpv3 -mfloat-abi=hard -nostartfiles -g -Wall -Wextra"
Running Make include in ps7_cortexa9_0/libsrc/sdps_v3_5/src
make -C ps7_cortexa9_0/libsrc/sdps_v3_5/src -s include  "SHELL=/bin/sh" "COMPILER=arm-none-eabi-gcc" "ARCHIVER=arm-none-eabi-ar" "COMPILER_FLAGS=  -O2 -c" "EXTRA_COMPILER_FLAGS=-mcpu=cortex-a9 -mfpu=vfpv3 -mfloat-abi=hard -nostartfiles -g -Wall -Wextra"
Running Make include in ps7_cortexa9_0/libsrc/usbps_v2_4/src
make -C ps7_cortexa9_0/libsrc/usbps_v2_4/src -s include  "SHELL=/bin/sh" "COMPILER=arm-none-eabi-gcc" "ARCHIVER=arm-none-eabi-ar" "COMPILER_FLAGS=  -O2 -c" "EXTRA_COMPILER_FLAGS=-mcpu=cortex-a9 -mfpu=vfpv3 -mfloat-abi=hard -nostartfiles -g -Wall -Wextra"
Running Make include in ps7_cortexa9_0/libsrc/coresightps_dcc_v1_4/src
make -C ps7_cortexa9_0/libsrc/coresightps_dcc_v1_4/src -s include  "SHELL=/bin/sh" "COMPILER=arm-none-eabi-gcc" "ARCHIVER=arm-none-eabi-ar" "COMPILER_FLAGS=  -O2 -c" "EXTRA_COMPILER_FLAGS=-mcpu=cortex-a9 -mfpu=vfpv3 -mfloat-abi=hard -nostartfiles -g -Wall -Wextra"
Running Make include in ps7_cortexa9_0/libsrc/tmrctr_v4_4/src
make -C ps7_cortexa9_0/libsrc/tmrctr_v4_4/src -s include  "SHELL=/bin/sh" "COMPILER=arm-none-eabi-gcc" "ARCHIVER=arm-none-eabi-ar" "COMPILER_FLAGS=  -O2 -c" "EXTRA_COMPILER_FLAGS=-mcpu=cortex-a9 -mfpu=vfpv3 -mfloat-abi=hard -nostartfiles -g -Wall -Wextra"
Running Make include in ps7_cortexa9_0/libsrc/scutimer_v2_1/src
make -C ps7_cortexa9_0/libsrc/scutimer_v2_1/src -s include  "SHELL=/bin/sh" "COMPILER=arm-none-eabi-gcc" "ARCHIVER=arm-none-eabi-ar" "COMPILER_FLAGS=  -O2 -c" "EXTRA_COMPILER_FLAGS=-mcpu=cortex-a9 -mfpu=vfpv3 -mfloat-abi=hard -nostartfiles -g -Wall -Wextra"
Running Make libs in ps7_cortexa9_0/libsrc/dmaps_v2_3/src
make -C ps7_cortexa9_0/libsrc/dmaps_v2_3/src -s libs  "SHELL=/bin/sh" "COMPILER=arm-none-eabi-gcc" "ARCHIVER=arm-none-eabi-ar" "COMPILER_FLAGS=  -O2 -c" "EXTRA_COMPILER_FLAGS=-mcpu=cortex-a9 -mfpu=vfpv3 -mfloat-abi=hard -nostartfiles -g -Wall -Wextra"
Compiling dmaps
arm-none-eabi-ar: creating ../../../lib/libxil.a
Running Make libs in ps7_cortexa9_0/libsrc/ddrps_v1_0/src
make -C ps7_cortexa9_0/libsrc/ddrps_v1_0/src -s libs  "SHELL=/bin/sh" "COMPILER=arm-none-eabi-gcc" "ARCHIVER=arm-none-eabi-ar" "COMPILER_FLAGS=  -O2 -c" "EXTRA_COMPILER_FLAGS=-mcpu=cortex-a9 -mfpu=vfpv3 -mfloat-abi=hard -nostartfiles -g -Wall -Wextra"
Compiling ddrps
Running Make libs in ps7_cortexa9_0/libsrc/qspips_v3_4/src
make -C ps7_cortexa9_0/libsrc/qspips_v3_4/src -s libs  "SHELL=/bin/sh" "COMPILER=arm-none-eabi-gcc" "ARCHIVER=arm-none-eabi-ar" "COMPILER_FLAGS=  -O2 -c" "EXTRA_COMPILER_FLAGS=-mcpu=cortex-a9 -mfpu=vfpv3 -mfloat-abi=hard -nostartfiles -g -Wall -Wextra"
Compiling qspips
Running Make libs in ps7_cortexa9_0/libsrc/standalone_v6_7/src
make -C ps7_cortexa9_0/libsrc/standalone_v6_7/src -s libs  "SHELL=/bin/sh" "COMPILER=arm-none-eabi-gcc" "ARCHIVER=arm-none-eabi-ar" "COMPILER_FLAGS=  -O2 -c" "EXTRA_COMPILER_FLAGS=-mcpu=cortex-a9 -mfpu=vfpv3 -mfloat-abi=hard -nostartfiles -g -Wall -Wextra"
Compiling standalone
In file included from sleep.c:57:0:
xtime_l.h:89:9: note: #pragma message: For the sleep routines, Global timer is being used
 #pragma message ("For the sleep routines, Global timer is being used")
         ^~~~~~~
In file included from xtime_l.c:53:0:
xtime_l.h:89:9: note: #pragma message: For the sleep routines, Global timer is being used
 #pragma message ("For the sleep routines, Global timer is being used")
         ^~~~~~~
In file included from xil_sleeptimer.c:55:0:
xtime_l.h:89:9: note: #pragma message: For the sleep routines, Global timer is being used
 #pragma message ("For the sleep routines, Global timer is being used")
         ^~~~~~~
In file included from usleep.c:60:0:
xtime_l.h:89:9: note: #pragma message: For the sleep routines, Global timer is being used
 #pragma message ("For the sleep routines, Global timer is being used")
         ^~~~~~~
Running Make libs in ps7_cortexa9_0/libsrc/gpiops_v3_3/src
make -C ps7_cortexa9_0/libsrc/gpiops_v3_3/src -s libs  "SHELL=/bin/sh" "COMPILER=arm-none-eabi-gcc" "ARCHIVER=arm-none-eabi-ar" "COMPILER_FLAGS=  -O2 -c" "EXTRA_COMPILER_FLAGS=-mcpu=cortex-a9 -mfpu=vfpv3 -mfloat-abi=hard -nostartfiles -g -Wall -Wextra"
Compiling gpiops
Running Make libs in ps7_cortexa9_0/libsrc/emacps_v3_7/src
make -C ps7_cortexa9_0/libsrc/emacps_v3_7/src -s libs  "SHELL=/bin/sh" "COMPILER=arm-none-eabi-gcc" "ARCHIVER=arm-none-eabi-ar" "COMPILER_FLAGS=  -O2 -c" "EXTRA_COMPILER_FLAGS=-mcpu=cortex-a9 -mfpu=vfpv3 -mfloat-abi=hard -nostartfiles -g -Wall -Wextra"
Compiling emacps
Running Make libs in ps7_cortexa9_0/libsrc/devcfg_v3_5/src
make -C ps7_cortexa9_0/libsrc/devcfg_v3_5/src -s libs  "SHELL=/bin/sh" "COMPILER=arm-none-eabi-gcc" "ARCHIVER=arm-none-eabi-ar" "COMPILER_FLAGS=  -O2 -c" "EXTRA_COMPILER_FLAGS=-mcpu=cortex-a9 -mfpu=vfpv3 -mfloat-abi=hard -nostartfiles -g -Wall -Wextra"
Compiling devcfg
Running Make libs in ps7_cortexa9_0/libsrc/scugic_v3_9/src
make -C ps7_cortexa9_0/libsrc/scugic_v3_9/src -s libs  "SHELL=/bin/sh" "COMPILER=arm-none-eabi-gcc" "ARCHIVER=arm-none-eabi-ar" "COMPILER_FLAGS=  -O2 -c" "EXTRA_COMPILER_FLAGS=-mcpu=cortex-a9 -mfpu=vfpv3 -mfloat-abi=hard -nostartfiles -g -Wall -Wextra"
Compiling scugic
Running Make libs in ps7_cortexa9_0/libsrc/uartps_v3_6/src
make -C ps7_cortexa9_0/libsrc/uartps_v3_6/src -s libs  "SHELL=/bin/sh" "COMPILER=arm-none-eabi-gcc" "ARCHIVER=arm-none-eabi-ar" "COMPILER_FLAGS=  -O2 -c" "EXTRA_COMPILER_FLAGS=-mcpu=cortex-a9 -mfpu=vfpv3 -mfloat-abi=hard -nostartfiles -g -Wall -Wextra"
Compiling uartps
Running Make libs in ps7_cortexa9_0/libsrc/xadcps_v2_2/src
make -C ps7_cortexa9_0/libsrc/xadcps_v2_2/src -s libs  "SHELL=/bin/sh" "COMPILER=arm-none-eabi-gcc" "ARCHIVER=arm-none-eabi-ar" "COMPILER_FLAGS=  -O2 -c" "EXTRA_COMPILER_FLAGS=-mcpu=cortex-a9 -mfpu=vfpv3 -mfloat-abi=hard -nostartfiles -g -Wall -Wextra"
Compiling xadcps
Running Make libs in ps7_cortexa9_0/libsrc/cpu_cortexa9_v2_6/src
make -C ps7_cortexa9_0/libsrc/cpu_cortexa9_v2_6/src -s libs  "SHELL=/bin/sh" "COMPILER=arm-none-eabi-gcc" "ARCHIVER=arm-none-eabi-ar" "COMPILER_FLAGS=  -O2 -c" "EXTRA_COMPILER_FLAGS=-mcpu=cortex-a9 -mfpu=vfpv3 -mfloat-abi=hard -nostartfiles -g -Wall -Wextra"
Compiling cpu_cortexa9
Running Make libs in ps7_cortexa9_0/libsrc/scuwdt_v2_1/src
make -C ps7_cortexa9_0/libsrc/scuwdt_v2_1/src -s libs  "SHELL=/bin/sh" "COMPILER=arm-none-eabi-gcc" "ARCHIVER=arm-none-eabi-ar" "COMPILER_FLAGS=  -O2 -c" "EXTRA_COMPILER_FLAGS=-mcpu=cortex-a9 -mfpu=vfpv3 -mfloat-abi=hard -nostartfiles -g -Wall -Wextra"
Compiling scuwdt
Running Make libs in ps7_cortexa9_0/libsrc/ttcps_v3_6/src
make -C ps7_cortexa9_0/libsrc/ttcps_v3_6/src -s libs  "SHELL=/bin/sh" "COMPILER=arm-none-eabi-gcc" "ARCHIVER=arm-none-eabi-ar" "COMPILER_FLAGS=  -O2 -c" "EXTRA_COMPILER_FLAGS=-mcpu=cortex-a9 -mfpu=vfpv3 -mfloat-abi=hard -nostartfiles -g -Wall -Wextra"
Compiling ttcps
Running Make libs in ps7_cortexa9_0/libsrc/sdps_v3_5/src
make -C ps7_cortexa9_0/libsrc/sdps_v3_5/src -s libs  "SHELL=/bin/sh" "COMPILER=arm-none-eabi-gcc" "ARCHIVER=arm-none-eabi-ar" "COMPILER_FLAGS=  -O2 -c" "EXTRA_COMPILER_FLAGS=-mcpu=cortex-a9 -mfpu=vfpv3 -mfloat-abi=hard -nostartfiles -g -Wall -Wextra"
Compiling sdps
Running Make libs in ps7_cortexa9_0/libsrc/usbps_v2_4/src
make -C ps7_cortexa9_0/libsrc/usbps_v2_4/src -s libs  "SHELL=/bin/sh" "COMPILER=arm-none-eabi-gcc" "ARCHIVER=arm-none-eabi-ar" "COMPILER_FLAGS=  -O2 -c" "EXTRA_COMPILER_FLAGS=-mcpu=cortex-a9 -mfpu=vfpv3 -mfloat-abi=hard -nostartfiles -g -Wall -Wextra"
Compiling usbps
Running Make libs in ps7_cortexa9_0/libsrc/coresightps_dcc_v1_4/src
make -C ps7_cortexa9_0/libsrc/coresightps_dcc_v1_4/src -s libs  "SHELL=/bin/sh" "COMPILER=arm-none-eabi-gcc" "ARCHIVER=arm-none-eabi-ar" "COMPILER_FLAGS=  -O2 -c" "EXTRA_COMPILER_FLAGS=-mcpu=cortex-a9 -mfpu=vfpv3 -mfloat-abi=hard -nostartfiles -g -Wall -Wextra"
Compiling coresightps_dcc
Running Make libs in ps7_cortexa9_0/libsrc/tmrctr_v4_4/src
make -C ps7_cortexa9_0/libsrc/tmrctr_v4_4/src -s libs  "SHELL=/bin/sh" "COMPILER=arm-none-eabi-gcc" "ARCHIVER=arm-none-eabi-ar" "COMPILER_FLAGS=  -O2 -c" "EXTRA_COMPILER_FLAGS=-mcpu=cortex-a9 -mfpu=vfpv3 -mfloat-abi=hard -nostartfiles -g -Wall -Wextra"
Compiling tmrctr
Running Make libs in ps7_cortexa9_0/libsrc/scutimer_v2_1/src
make -C ps7_cortexa9_0/libsrc/scutimer_v2_1/src -s libs  "SHELL=/bin/sh" "COMPILER=arm-none-eabi-gcc" "ARCHIVER=arm-none-eabi-ar" "COMPILER_FLAGS=  -O2 -c" "EXTRA_COMPILER_FLAGS=-mcpu=cortex-a9 -mfpu=vfpv3 -mfloat-abi=hard -nostartfiles -g -Wall -Wextra"
Compiling scutimer
Finished building libraries

**** Build of configuration Debug for project kmeans ****

Nothing to build for project kmeans
10:28:49 **** Auto Build of configuration Debug for project kmeans ****
make pre-build main-build 
a9-linaro-pre-build-step
 
Building file: ../src/kmeans.c
Invoking: ARM v7 gcc compiler
arm-none-eabi-gcc -Wall -O0 -g3 -c -fmessage-length=0 -MT"src/kmeans.o" -mcpu=cortex-a9 -mfpu=vfpv3 -mfloat-abi=hard -I../../kmeans_bsp/ps7_cortexa9_0/include -MMD -MP -MF"src/kmeans.d" -MT"src/kmeans.o" -o "src/kmeans.o" "../src/kmeans.c"
Finished building: ../src/kmeans.c
 
Building target: kmeans.elf
Invoking: ARM v7 gcc linker
arm-none-eabi-gcc -mcpu=cortex-a9 -mfpu=vfpv3 -mfloat-abi=hard -Wl,-build-id=none -specs=Xilinx.spec -Wl,-T -Wl,../src/lscript.ld -L../../kmeans_bsp/ps7_cortexa9_0/lib -o "kmeans.elf"  ./src/kmeans.o   -Wl,--start-group,-lxil,-lgcc,-lc,--end-group
../../kmeans_bsp/ps7_cortexa9_0/lib/libxil.a(xil-crt0.o): In function `_start':
/home/fabian/Documents/ensta/deuxieme/rob307/git_repo/kmeans/hardware_arm_only/hardware_arm_only.sdk/kmeans_bsp/ps7_cortexa9_0/libsrc/standalone_v6_7/src/xil-crt0.S:142: undefined reference to `main'
makefile:39: recipe for target 'kmeans.elf' failed
collect2: error: ld returned 1 exit status
make: *** [kmeans.elf] Error 1
10:29:08 **** Auto Build of configuration Debug for project kmeans ****
make pre-build main-build 
a9-linaro-pre-build-step
 
Building target: kmeans.elf
Invoking: ARM v7 gcc linker
arm-none-eabi-gcc -mcpu=cortex-a9 -mfpu=vfpv3 -mfloat-abi=hard -Wl,-build-id=none -specs=Xilinx.spec -Wl,-T -Wl,../src/lscript.ld -L../../kmeans_bsp/ps7_cortexa9_0/lib -o "kmeans.elf"  ./src/kmeans.o   -Wl,--start-group,-lxil,-lgcc,-lc,--end-group
../../kmeans_bsp/ps7_cortexa9_0/lib/libxil.a(xil-crt0.o): In function `_start':
/home/fabian/Documents/ensta/deuxieme/rob307/git_repo/kmeans/hardware_arm_only/hardware_arm_only.sdk/kmeans_bsp/ps7_cortexa9_0/libsrc/standalone_v6_7/src/xil-crt0.S:142: undefined reference to `main'
makefile:39: recipe for target 'kmeans.elf' failed
collect2: error: ld returned 1 exit status
make: *** [kmeans.elf] Error 1
10:29:35 **** Auto Build of configuration Debug for project kmeans ****
make pre-build main-build 
a9-linaro-pre-build-step
 
Building file: ../src/kmeans.c
Invoking: ARM v7 gcc compiler
arm-none-eabi-gcc -Wall -O0 -g3 -c -fmessage-length=0 -MT"src/kmeans.o" -mcpu=cortex-a9 -mfpu=vfpv3 -mfloat-abi=hard -I../../kmeans_bsp/ps7_cortexa9_0/include -MMD -MP -MF"src/kmeans.d" -MT"src/kmeans.o" -o "src/kmeans.o" "../src/kmeans.c"
Finished building: ../src/kmeans.c
 
Building target: kmeans.elf
Invoking: ARM v7 gcc linker
arm-none-eabi-gcc -mcpu=cortex-a9 -mfpu=vfpv3 -mfloat-abi=hard -Wl,-build-id=none -specs=Xilinx.spec -Wl,-T -Wl,../src/lscript.ld -L../../kmeans_bsp/ps7_cortexa9_0/lib -o "kmeans.elf"  ./src/kmeans.o   -Wl,--start-group,-lxil,-lgcc,-lc,--end-group
Finished building target: kmeans.elf
 
Invoking: ARM v7 Print Size
arm-none-eabi-size kmeans.elf  |tee "kmeans.elf.size"
   text	   data	    bss	    dec	    hex	filename
  19016	   1144	  22568	  42728	   a6e8	kmeans.elf
Finished building: kmeans.elf.size
 
20:43:02 **** Clean-only build of configuration Debug for project kmeans ****
make clean 
rm -rf  ./src/kmeans.o  ./src/kmeans.d  kmeans.elf.size  kmeans.elf
 
20:43:03 **** Auto Build of configuration Debug for project kmeans ****
make pre-build main-build 
a9-linaro-pre-build-step
 
Building file: ../src/kmeans.c
Invoking: ARM v7 gcc compiler
arm-none-eabi-gcc -Wall -O0 -g3 -c -fmessage-length=0 -MT"src/kmeans.o" -mcpu=cortex-a9 -mfpu=vfpv3 -mfloat-abi=hard -I../../kmeans_bsp/ps7_cortexa9_0/include -MMD -MP -MF"src/kmeans.d" -MT"src/kmeans.o" -o "src/kmeans.o" "../src/kmeans.c"
../src/kmeans.c: In function 'main':
../src/kmeans.c:7:9: error: unknown type name 'FATFS'
  static FATFS  FS_instance;
         ^~~~~
../src/kmeans.c:9:2: error: unknown type name 'FRESULT'
  FRESULT  result;
  ^~~~~~~
../src/kmeans.c:10:11: warning: implicit declaration of function 'f_mount' [-Wimplicit-function-declaration]
src/subdir.mk:21: recipe for target 'src/kmeans.o' failed
  result = f_mount(&FS_instance,Path, 0);
           ^~~~~~~
../src/kmeans.c:11:16: error: 'FR_OK' undeclared (first use in this function)
  if (result != FR_OK) {
                ^~~~~
../src/kmeans.c:11:16: note: each undeclared identifier is reported only once for each function it appears in
../src/kmeans.c:12:3: warning: implicit declaration of function 'printf' [-Wimplicit-function-declaration]
   printf("Cannot mount sd\n");
   ^~~~~~
../src/kmeans.c:12:3: warning: incompatible implicit declaration of built-in function 'printf'
../src/kmeans.c:12:3: note: include '<stdio.h>' or provide a declaration of 'printf'
../src/kmeans.c:13:10: error: 'XST_FAILURE' undeclared (first use in this function)
   return XST_FAILURE;
          ^~~~~~~~~~~
../src/kmeans.c:15:2: warning: incompatible implicit declaration of built-in function 'printf'
  printf("sd card ok \n");
  ^~~~~~
../src/kmeans.c:15:2: note: include '<stdio.h>' or provide a declaration of 'printf'
make: *** [src/kmeans.o] Error 1
20:43:33 **** Auto Build of configuration Debug for project kmeans ****
make pre-build main-build 
a9-linaro-pre-build-step
 
Building file: ../src/kmeans.c
Invoking: ARM v7 gcc compiler
arm-none-eabi-gcc -Wall -O0 -g3 -c -fmessage-length=0 -MT"src/kmeans.o" -mcpu=cortex-a9 -mfpu=vfpv3 -mfloat-abi=hard -I../../kmeans_bsp/ps7_cortexa9_0/include -MMD -MP -MF"src/kmeans.d" -MT"src/kmeans.o" -o "src/kmeans.o" "../src/kmeans.c"
../src/kmeans.c: In function 'main':
../src/kmeans.c:8:9: error: unknown type name 'FATFS'
  static FATFS  FS_instance;
         ^~~~~
../src/kmeans.c:10:2: error: unknown type name 'FRESULT'
  FRESULT  result;
  ^~~~~~~
../src/kmeans.c:11:11: warning: implicit declaration of function 'f_mount' [-Wimplicit-function-declaration]
  result = f_mount(&FS_instance,Path, 0);
           ^~~~~~~
../src/kmeans.c:12:16: error: 'FR_OK' undeclared (first use in this function)
  if (result != FR_OK) {
                ^~~~~
../src/kmeans.c:12:16: note: each undeclared identifier is reported only once for each function it appears in
../src/kmeans.c:14:10: error: 'XST_FAILURE' undeclared (first use in this function)
   return XST_FAILURE;
          ^~~~~~~~~~~
make: *** [src/kmeans.o] Error 1
src/subdir.mk:21: recipe for target 'src/kmeans.o' failed
20:43:51 **** Auto Build of configuration Debug for project kmeans ****
make pre-build main-build 
a9-linaro-pre-build-step
 
Building file: ../src/kmeans.c
Invoking: ARM v7 gcc compiler
arm-none-eabi-gcc -Wall -O0 -g3 -c -fmessage-length=0 -MT"src/kmeans.o" -mcpu=cortex-a9 -mfpu=vfpv3 -mfloat-abi=hard -I../../kmeans_bsp/ps7_cortexa9_0/include -MMD -MP -MF"src/kmeans.d" -MT"src/kmeans.o" -o "src/kmeans.o" "../src/kmeans.c"
../src/kmeans.c: In function 'main':
../src/kmeans.c:9:9: error: unknown type name 'FATFS'
  static FATFS  FS_instance;
         ^~~~~
../src/kmeans.c:11:2: error: unknown type name 'FRESULT'
  FRESULT  result;
  ^~~~~~~
../src/kmeans.c:12:11: warning: implicit declaration of function 'f_mount' [-Wimplicit-function-declaration]
  result = f_mount(&FS_instance,Path, 0);
           ^~~~~~~
../src/kmeans.c:13:16: error: 'FR_OK' undeclared (first use in this function)
  if (result != FR_OK) {
                ^~~~~
../src/kmeans.c:13:16: note: each undeclared identifier is reported only once for each function it appears in
../src/kmeans.c:15:10: error: 'XST_FAILURE' undeclared (first use in this function)
   return XST_FAILURE;
          ^~~~~~~~~~~
make: *** [src/kmeans.o] Error 1
src/subdir.mk:21: recipe for target 'src/kmeans.o' failed
20:44:13 **** Auto Build of configuration Debug for project kmeans ****
make pre-build main-build 
a9-linaro-pre-build-step
 
Building file: ../src/kmeans.c
Invoking: ARM v7 gcc compiler
arm-none-eabi-gcc -Wall -O0 -g3 -c -fmessage-length=0 -MT"src/kmeans.o" -mcpu=cortex-a9 -mfpu=vfpv3 -mfloat-abi=hard -I../../kmeans_bsp/ps7_cortexa9_0/include -MMD -MP -MF"src/kmeans.d" -MT"src/kmeans.o" -o "src/kmeans.o" "../src/kmeans.c"
../src/kmeans.c:4:10: fatal error: ff.h: No such file or directory
 #include "ff.h"
          ^~~~~~
compilation terminated.
src/subdir.mk:21: recipe for target 'src/kmeans.o' failed
make: *** [src/kmeans.o] Error 1
20:44:23 **** Auto Build of configuration Debug for project kmeans ****
make pre-build main-build 
a9-linaro-pre-build-step
 
Building file: ../src/kmeans.c
Invoking: ARM v7 gcc compiler
arm-none-eabi-gcc -Wall -O0 -g3 -c -fmessage-length=0 -MT"src/kmeans.o" -mcpu=cortex-a9 -mfpu=vfpv3 -mfloat-abi=hard -I../../kmeans_bsp/ps7_cortexa9_0/include -MMD -MP -MF"src/kmeans.d" -MT"src/kmeans.o" -o "src/kmeans.o" "../src/kmeans.c"
../src/kmeans.c: In function 'main':
../src/kmeans.c:10:9: error: unknown type name 'FATFS'
  static FATFS  FS_instance;
         ^~~~~
../src/kmeans.c:12:2: error: unknown type name 'FRESULT'
  FRESULT  result;
  ^~~~~~~
../src/kmeans.c:13:11: warning: implicit declaration of function 'f_mount' [-Wimplicit-function-declaration]
  result = f_mount(&FS_instance,Path, 0);
           ^~~~~~~
../src/kmeans.c:14:16: error: 'FR_OK' undeclared (first use in this function)
  if (result != FR_OK) {
                ^~~~~
../src/kmeans.c:14:16: note: each undeclared identifier is reported only once for each function it appears in
../src/kmeans.c:16:10: error: 'XST_FAILURE' undeclared (first use in this function)
   return XST_FAILURE;
          ^~~~~~~~~~~
src/subdir.mk:21: recipe for target 'src/kmeans.o' failed
make: *** [src/kmeans.o] Error 1
20:44:58 **** Auto Build of configuration Debug for project kmeans ****
make pre-build main-build 
a9-linaro-pre-build-step
 
Building file: ../src/kmeans.c
Invoking: ARM v7 gcc compiler
arm-none-eabi-gcc -Wall -O0 -g3 -c -fmessage-length=0 -MT"src/kmeans.o" -mcpu=cortex-a9 -mfpu=vfpv3 -mfloat-abi=hard -I../../kmeans_bsp/ps7_cortexa9_0/include -MMD -MP -MF"src/kmeans.d" -MT"src/kmeans.o" -o "src/kmeans.o" "../src/kmeans.c"
../src/kmeans.c: In function 'main':
../src/kmeans.c:12:9: error: unknown type name 'FATFS'
  static FATFS  FS_instance;
         ^~~~~
../src/kmeans.c:14:2: error: unknown type name 'FRESULT'
  FRESULT  result;
  ^~~~~~~
../src/kmeans.c:15:11: warning: implicit declaration of function 'f_mount' [-Wimplicit-function-declaration]
  result = f_mount(&FS_instance,Path, 0);
           ^~~~~~~
../src/kmeans.c:16:16: error: 'FR_OK' undeclared (first use in this function)
  if (result != FR_OK) {
                ^~~~~
../src/kmeans.c:16:16: note: each undeclared identifier is reported only once for each function it appears in
../src/kmeans.c:18:10: error: 'XST_FAILURE' undeclared (first use in this function)
   return XST_FAILURE;
          ^~~~~~~~~~~
src/subdir.mk:21: recipe for target 'src/kmeans.o' failed
make: *** [src/kmeans.o] Error 1
20:45:45 **** Auto Build of configuration Debug for project kmeans ****
make pre-build main-build 
a9-linaro-pre-build-step
 
Building file: ../src/kmeans.c
Invoking: ARM v7 gcc compiler
arm-none-eabi-gcc -Wall -O0 -g3 -c -fmessage-length=0 -MT"src/kmeans.o" -mcpu=cortex-a9 -mfpu=vfpv3 -mfloat-abi=hard -I../../kmeans_bsp/ps7_cortexa9_0/include -MMD -MP -MF"src/kmeans.d" -MT"src/kmeans.o" -o "src/kmeans.o" "../src/kmeans.c"
../src/kmeans.c: In function 'main':
../src/kmeans.c:14:9: error: unknown type name 'FATFS'
  static FATFS  FS_instance;
         ^~~~~
../src/kmeans.c:16:2: error: unknown type name 'FRESULT'
  FRESULT  result;
  ^~~~~~~
../src/kmeans.c:17:11: warning: implicit declaration of function 'f_mount' [-Wimplicit-function-declaration]
  result = f_mount(&FS_instance,Path, 0);
           ^~~~~~~
../src/kmeans.c:18:16: error: 'FR_OK' undeclared (first use in this function)
  if (result != FR_OK) {
                ^~~~~
../src/kmeans.c:18:16: note: each undeclared identifier is reported only once for each function it appears in
../src/kmeans.c:20:10: error: 'XST_FAILURE' undeclared (first use in this function); did you mean 'EXIT_FAILURE'?
   return XST_FAILURE;
          ^~~~~~~~~~~
          EXIT_FAILURE
make: *** [src/kmeans.o] Error 1
src/subdir.mk:21: recipe for target 'src/kmeans.o' failed
20:46:16 **** Auto Build of configuration Debug for project kmeans ****
make pre-build main-build 
a9-linaro-pre-build-step
 
Building file: ../src/kmeans.c
Invoking: ARM v7 gcc compiler
arm-none-eabi-gcc -Wall -O0 -g3 -c -fmessage-length=0 -MT"src/kmeans.o" -mcpu=cortex-a9 -mfpu=vfpv3 -mfloat-abi=hard -I../../kmeans_bsp/ps7_cortexa9_0/include -MMD -MP -MF"src/kmeans.d" -MT"src/kmeans.o" -o "src/kmeans.o" "../src/kmeans.c"
../src/kmeans.c:2:10: fatal error: platform.h: No such file or directory
 #include "platform.h"
          ^~~~~~~~~~~~
compilation terminated.
make: *** [src/kmeans.o] Error 1
src/subdir.mk:21: recipe for target 'src/kmeans.o' failed
20:46:28 **** Auto Build of configuration Debug for project kmeans ****
make pre-build main-build 
a9-linaro-pre-build-step
 
Building file: ../src/kmeans.c
Invoking: ARM v7 gcc compiler
arm-none-eabi-gcc -Wall -O0 -g3 -c -fmessage-length=0 -MT"src/kmeans.o" -mcpu=cortex-a9 -mfpu=vfpv3 -mfloat-abi=hard -I../../kmeans_bsp/ps7_cortexa9_0/include -MMD -MP -MF"src/kmeans.d" -MT"src/kmeans.o" -o "src/kmeans.o" "../src/kmeans.c"
../src/kmeans.c: In function 'main':
../src/kmeans.c:25:9: error: unknown type name 'FATFS'
  static FATFS  FS_instance;
         ^~~~~
../src/kmeans.c:27:2: error: unknown type name 'FRESULT'
  FRESULT  result;
  ^~~~~~~
../src/kmeans.c:28:11: warning: implicit declaration of function 'f_mount' [-Wimplicit-function-declaration]
  result = f_mount(&FS_instance,Path, 0);
           ^~~~~~~
../src/kmeans.c:29:16: error: 'FR_OK' undeclared (first use in this function)
  if (result != FR_OK) {
                ^~~~~
../src/kmeans.c:29:16: note: each undeclared identifier is reported only once for each function it appears in
make: *** [src/kmeans.o] Error 1
src/subdir.mk:21: recipe for target 'src/kmeans.o' failed
20:46:43 **** Auto Build of configuration Debug for project kmeans ****
make pre-build main-build 
a9-linaro-pre-build-step
 
Building file: ../src/kmeans.c
Invoking: ARM v7 gcc compiler
arm-none-eabi-gcc -Wall -O0 -g3 -c -fmessage-length=0 -MT"src/kmeans.o" -mcpu=cortex-a9 -mfpu=vfpv3 -mfloat-abi=hard -I../../kmeans_bsp/ps7_cortexa9_0/include -MMD -MP -MF"src/kmeans.d" -MT"src/kmeans.o" -o "src/kmeans.o" "../src/kmeans.c"
../src/kmeans.c: In function 'main':
../src/kmeans.c:11:9: error: unknown type name 'FATFS'
  static FATFS  FS_instance;
         ^~~~~
../src/kmeans.c:13:2: error: unknown type name 'FRESULT'
  FRESULT  result;
  ^~~~~~~
../src/kmeans.c:14:11: warning: implicit declaration of function 'f_mount' [-Wimplicit-function-declaration]
  result = f_mount(&FS_instance,Path, 0);
           ^~~~~~~
../src/kmeans.c:15:16: error: 'FR_OK' undeclared (first use in this function)
  if (result != FR_OK) {
                ^~~~~
../src/kmeans.c:15:16: note: each undeclared identifier is reported only once for each function it appears in
../src/kmeans.c:17:10: error: 'XST_FAILURE' undeclared (first use in this function); did you mean 'EXIT_FAILURE'?
   return XST_FAILURE;
          ^~~~~~~~~~~
          EXIT_FAILURE
make: *** [src/kmeans.o] Error 1
src/subdir.mk:21: recipe for target 'src/kmeans.o' failed
20:49:30 **** Auto Build of configuration Debug for project kmeans ****
make pre-build main-build 
a9-linaro-pre-build-step
 
Building file: ../src/kmeans.c
Invoking: ARM v7 gcc compiler
arm-none-eabi-gcc -Wall -O0 -g3 -c -fmessage-length=0 -MT"src/kmeans.o" -mcpu=cortex-a9 -mfpu=vfpv3 -mfloat-abi=hard -I../../kmeans_bsp/ps7_cortexa9_0/include -MMD -MP -MF"src/kmeans.d" -MT"src/kmeans.o" -o "src/kmeans.o" "../src/kmeans.c"
../src/kmeans.c:6:10: fatal error: ffconf.h: No such file or directory
 #include "ffconf.h"
          ^~~~~~~~~~
compilation terminated.
make: *** [src/kmeans.o] Error 1
src/subdir.mk:21: recipe for target 'src/kmeans.o' failed
20:49:55 **** Auto Build of configuration Debug for project kmeans ****
make pre-build main-build 
a9-linaro-pre-build-step
 
Building file: ../src/kmeans.c
Invoking: ARM v7 gcc compiler
arm-none-eabi-gcc -Wall -O0 -g3 -c -fmessage-length=0 -MT"src/kmeans.o" -mcpu=cortex-a9 -mfpu=vfpv3 -mfloat-abi=hard -I../../kmeans_bsp/ps7_cortexa9_0/include -MMD -MP -MF"src/kmeans.d" -MT"src/kmeans.o" -o "src/kmeans.o" "../src/kmeans.c"
../src/kmeans.c:6:10: fatal error: ff.h: No such file or directory
 #include "ff.h"
          ^~~~~~
compilation terminated.
make: *** [src/kmeans.o] Error 1
src/subdir.mk:21: recipe for target 'src/kmeans.o' failed
20:59:54 **** Auto Build of project kmeans_bsp ****
make -k all 
Running Make include in ps7_cortexa9_0/libsrc/dmaps_v2_3/src
make -C ps7_cortexa9_0/libsrc/dmaps_v2_3/src -s include  "SHELL=/bin/sh" "COMPILER=arm-none-eabi-gcc" "ARCHIVER=arm-none-eabi-ar" "COMPILER_FLAGS=  -O2 -c" "EXTRA_COMPILER_FLAGS=-mcpu=cortex-a9 -mfpu=vfpv3 -mfloat-abi=hard -nostartfiles -g -Wall -Wextra"
Running Make include in ps7_cortexa9_0/libsrc/ddrps_v1_0/src
make -C ps7_cortexa9_0/libsrc/ddrps_v1_0/src -s include  "SHELL=/bin/sh" "COMPILER=arm-none-eabi-gcc" "ARCHIVER=arm-none-eabi-ar" "COMPILER_FLAGS=  -O2 -c" "EXTRA_COMPILER_FLAGS=-mcpu=cortex-a9 -mfpu=vfpv3 -mfloat-abi=hard -nostartfiles -g -Wall -Wextra"
Running Make include in ps7_cortexa9_0/libsrc/qspips_v3_4/src
make -C ps7_cortexa9_0/libsrc/qspips_v3_4/src -s include  "SHELL=/bin/sh" "COMPILER=arm-none-eabi-gcc" "ARCHIVER=arm-none-eabi-ar" "COMPILER_FLAGS=  -O2 -c" "EXTRA_COMPILER_FLAGS=-mcpu=cortex-a9 -mfpu=vfpv3 -mfloat-abi=hard -nostartfiles -g -Wall -Wextra"
Running Make include in ps7_cortexa9_0/libsrc/standalone_v6_7/src
make -C ps7_cortexa9_0/libsrc/standalone_v6_7/src -s include  "SHELL=/bin/sh" "COMPILER=arm-none-eabi-gcc" "ARCHIVER=arm-none-eabi-ar" "COMPILER_FLAGS=  -O2 -c" "EXTRA_COMPILER_FLAGS=-mcpu=cortex-a9 -mfpu=vfpv3 -mfloat-abi=hard -nostartfiles -g -Wall -Wextra"
Running Make include in ps7_cortexa9_0/libsrc/gpiops_v3_3/src
make -C ps7_cortexa9_0/libsrc/gpiops_v3_3/src -s include  "SHELL=/bin/sh" "COMPILER=arm-none-eabi-gcc" "ARCHIVER=arm-none-eabi-ar" "COMPILER_FLAGS=  -O2 -c" "EXTRA_COMPILER_FLAGS=-mcpu=cortex-a9 -mfpu=vfpv3 -mfloat-abi=hard -nostartfiles -g -Wall -Wextra"
Running Make include in ps7_cortexa9_0/libsrc/emacps_v3_7/src
make -C ps7_cortexa9_0/libsrc/emacps_v3_7/src -s include  "SHELL=/bin/sh" "COMPILER=arm-none-eabi-gcc" "ARCHIVER=arm-none-eabi-ar" "COMPILER_FLAGS=  -O2 -c" "EXTRA_COMPILER_FLAGS=-mcpu=cortex-a9 -mfpu=vfpv3 -mfloat-abi=hard -nostartfiles -g -Wall -Wextra"
Running Make include in ps7_cortexa9_0/libsrc/devcfg_v3_5/src
make -C ps7_cortexa9_0/libsrc/devcfg_v3_5/src -s include  "SHELL=/bin/sh" "COMPILER=arm-none-eabi-gcc" "ARCHIVER=arm-none-eabi-ar" "COMPILER_FLAGS=  -O2 -c" "EXTRA_COMPILER_FLAGS=-mcpu=cortex-a9 -mfpu=vfpv3 -mfloat-abi=hard -nostartfiles -g -Wall -Wextra"
Running Make include in ps7_cortexa9_0/libsrc/scugic_v3_9/src
make -C ps7_cortexa9_0/libsrc/scugic_v3_9/src -s include  "SHELL=/bin/sh" "COMPILER=arm-none-eabi-gcc" "ARCHIVER=arm-none-eabi-ar" "COMPILER_FLAGS=  -O2 -c" "EXTRA_COMPILER_FLAGS=-mcpu=cortex-a9 -mfpu=vfpv3 -mfloat-abi=hard -nostartfiles -g -Wall -Wextra"
Running Make include in ps7_cortexa9_0/libsrc/uartps_v3_6/src
make -C ps7_cortexa9_0/libsrc/uartps_v3_6/src -s include  "SHELL=/bin/sh" "COMPILER=arm-none-eabi-gcc" "ARCHIVER=arm-none-eabi-ar" "COMPILER_FLAGS=  -O2 -c" "EXTRA_COMPILER_FLAGS=-mcpu=cortex-a9 -mfpu=vfpv3 -mfloat-abi=hard -nostartfiles -g -Wall -Wextra"
Running Make include in ps7_cortexa9_0/libsrc/xilffs_v3_9/src
make -C ps7_cortexa9_0/libsrc/xilffs_v3_9/src -s include  "SHELL=/bin/sh" "COMPILER=arm-none-eabi-gcc" "ARCHIVER=arm-none-eabi-ar" "COMPILER_FLAGS=  -O2 -c" "EXTRA_COMPILER_FLAGS=-mcpu=cortex-a9 -mfpu=vfpv3 -mfloat-abi=hard -nostartfiles -g -Wall -Wextra"
Running Make include in ps7_cortexa9_0/libsrc/xadcps_v2_2/src
make -C ps7_cortexa9_0/libsrc/xadcps_v2_2/src -s include  "SHELL=/bin/sh" "COMPILER=arm-none-eabi-gcc" "ARCHIVER=arm-none-eabi-ar" "COMPILER_FLAGS=  -O2 -c" "EXTRA_COMPILER_FLAGS=-mcpu=cortex-a9 -mfpu=vfpv3 -mfloat-abi=hard -nostartfiles -g -Wall -Wextra"
Running Make include in ps7_cortexa9_0/libsrc/cpu_cortexa9_v2_6/src
make -C ps7_cortexa9_0/libsrc/cpu_cortexa9_v2_6/src -s include  "SHELL=/bin/sh" "COMPILER=arm-none-eabi-gcc" "ARCHIVER=arm-none-eabi-ar" "COMPILER_FLAGS=  -O2 -c" "EXTRA_COMPILER_FLAGS=-mcpu=cortex-a9 -mfpu=vfpv3 -mfloat-abi=hard -nostartfiles -g -Wall -Wextra"
Running Make include in ps7_cortexa9_0/libsrc/scuwdt_v2_1/src
make -C ps7_cortexa9_0/libsrc/scuwdt_v2_1/src -s include  "SHELL=/bin/sh" "COMPILER=arm-none-eabi-gcc" "ARCHIVER=arm-none-eabi-ar" "COMPILER_FLAGS=  -O2 -c" "EXTRA_COMPILER_FLAGS=-mcpu=cortex-a9 -mfpu=vfpv3 -mfloat-abi=hard -nostartfiles -g -Wall -Wextra"
Running Make include in ps7_cortexa9_0/libsrc/ttcps_v3_6/src
make -C ps7_cortexa9_0/libsrc/ttcps_v3_6/src -s include  "SHELL=/bin/sh" "COMPILER=arm-none-eabi-gcc" "ARCHIVER=arm-none-eabi-ar" "COMPILER_FLAGS=  -O2 -c" "EXTRA_COMPILER_FLAGS=-mcpu=cortex-a9 -mfpu=vfpv3 -mfloat-abi=hard -nostartfiles -g -Wall -Wextra"
Running Make include in ps7_cortexa9_0/libsrc/sdps_v3_5/src
make -C ps7_cortexa9_0/libsrc/sdps_v3_5/src -s include  "SHELL=/bin/sh" "COMPILER=arm-none-eabi-gcc" "ARCHIVER=arm-none-eabi-ar" "COMPILER_FLAGS=  -O2 -c" "EXTRA_COMPILER_FLAGS=-mcpu=cortex-a9 -mfpu=vfpv3 -mfloat-abi=hard -nostartfiles -g -Wall -Wextra"
Running Make include in ps7_cortexa9_0/libsrc/usbps_v2_4/src
make -C ps7_cortexa9_0/libsrc/usbps_v2_4/src -s include  "SHELL=/bin/sh" "COMPILER=arm-none-eabi-gcc" "ARCHIVER=arm-none-eabi-ar" "COMPILER_FLAGS=  -O2 -c" "EXTRA_COMPILER_FLAGS=-mcpu=cortex-a9 -mfpu=vfpv3 -mfloat-abi=hard -nostartfiles -g -Wall -Wextra"
Running Make include in ps7_cortexa9_0/libsrc/coresightps_dcc_v1_4/src
make -C ps7_cortexa9_0/libsrc/coresightps_dcc_v1_4/src -s include  "SHELL=/bin/sh" "COMPILER=arm-none-eabi-gcc" "ARCHIVER=arm-none-eabi-ar" "COMPILER_FLAGS=  -O2 -c" "EXTRA_COMPILER_FLAGS=-mcpu=cortex-a9 -mfpu=vfpv3 -mfloat-abi=hard -nostartfiles -g -Wall -Wextra"
Running Make include in ps7_cortexa9_0/libsrc/tmrctr_v4_4/src
make -C ps7_cortexa9_0/libsrc/tmrctr_v4_4/src -s include  "SHELL=/bin/sh" "COMPILER=arm-none-eabi-gcc" "ARCHIVER=arm-none-eabi-ar" "COMPILER_FLAGS=  -O2 -c" "EXTRA_COMPILER_FLAGS=-mcpu=cortex-a9 -mfpu=vfpv3 -mfloat-abi=hard -nostartfiles -g -Wall -Wextra"
Running Make include in ps7_cortexa9_0/libsrc/scutimer_v2_1/src
make -C ps7_cortexa9_0/libsrc/scutimer_v2_1/src -s include  "SHELL=/bin/sh" "COMPILER=arm-none-eabi-gcc" "ARCHIVER=arm-none-eabi-ar" "COMPILER_FLAGS=  -O2 -c" "EXTRA_COMPILER_FLAGS=-mcpu=cortex-a9 -mfpu=vfpv3 -mfloat-abi=hard -nostartfiles -g -Wall -Wextra"
Running Make libs in ps7_cortexa9_0/libsrc/dmaps_v2_3/src
make -C ps7_cortexa9_0/libsrc/dmaps_v2_3/src -s libs  "SHELL=/bin/sh" "COMPILER=arm-none-eabi-gcc" "ARCHIVER=arm-none-eabi-ar" "COMPILER_FLAGS=  -O2 -c" "EXTRA_COMPILER_FLAGS=-mcpu=cortex-a9 -mfpu=vfpv3 -mfloat-abi=hard -nostartfiles -g -Wall -Wextra"
Compiling dmaps
arm-none-eabi-ar: creating ../../../lib/libxil.a
Running Make libs in ps7_cortexa9_0/libsrc/ddrps_v1_0/src
make -C ps7_cortexa9_0/libsrc/ddrps_v1_0/src -s libs  "SHELL=/bin/sh" "COMPILER=arm-none-eabi-gcc" "ARCHIVER=arm-none-eabi-ar" "COMPILER_FLAGS=  -O2 -c" "EXTRA_COMPILER_FLAGS=-mcpu=cortex-a9 -mfpu=vfpv3 -mfloat-abi=hard -nostartfiles -g -Wall -Wextra"
Compiling ddrps
Running Make libs in ps7_cortexa9_0/libsrc/qspips_v3_4/src
make -C ps7_cortexa9_0/libsrc/qspips_v3_4/src -s libs  "SHELL=/bin/sh" "COMPILER=arm-none-eabi-gcc" "ARCHIVER=arm-none-eabi-ar" "COMPILER_FLAGS=  -O2 -c" "EXTRA_COMPILER_FLAGS=-mcpu=cortex-a9 -mfpu=vfpv3 -mfloat-abi=hard -nostartfiles -g -Wall -Wextra"
Compiling qspips
Running Make libs in ps7_cortexa9_0/libsrc/standalone_v6_7/src
make -C ps7_cortexa9_0/libsrc/standalone_v6_7/src -s libs  "SHELL=/bin/sh" "COMPILER=arm-none-eabi-gcc" "ARCHIVER=arm-none-eabi-ar" "COMPILER_FLAGS=  -O2 -c" "EXTRA_COMPILER_FLAGS=-mcpu=cortex-a9 -mfpu=vfpv3 -mfloat-abi=hard -nostartfiles -g -Wall -Wextra"
Compiling standalone
In file included from sleep.c:57:0:
xtime_l.h:89:9: note: #pragma message: For the sleep routines, Global timer is being used
 #pragma message ("For the sleep routines, Global timer is being used")
         ^~~~~~~
In file included from xtime_l.c:53:0:
xtime_l.h:89:9: note: #pragma message: For the sleep routines, Global timer is being used
 #pragma message ("For the sleep routines, Global timer is being used")
         ^~~~~~~
In file included from xil_sleeptimer.c:55:0:
xtime_l.h:89:9: note: #pragma message: For the sleep routines, Global timer is being used
 #pragma message ("For the sleep routines, Global timer is being used")
         ^~~~~~~
In file included from usleep.c:60:0:
xtime_l.h:89:9: note: #pragma message: For the sleep routines, Global timer is being used
 #pragma message ("For the sleep routines, Global timer is being used")
         ^~~~~~~
Running Make libs in ps7_cortexa9_0/libsrc/gpiops_v3_3/src
make -C ps7_cortexa9_0/libsrc/gpiops_v3_3/src -s libs  "SHELL=/bin/sh" "COMPILER=arm-none-eabi-gcc" "ARCHIVER=arm-none-eabi-ar" "COMPILER_FLAGS=  -O2 -c" "EXTRA_COMPILER_FLAGS=-mcpu=cortex-a9 -mfpu=vfpv3 -mfloat-abi=hard -nostartfiles -g -Wall -Wextra"
Compiling gpiops
Running Make libs in ps7_cortexa9_0/libsrc/emacps_v3_7/src
make -C ps7_cortexa9_0/libsrc/emacps_v3_7/src -s libs  "SHELL=/bin/sh" "COMPILER=arm-none-eabi-gcc" "ARCHIVER=arm-none-eabi-ar" "COMPILER_FLAGS=  -O2 -c" "EXTRA_COMPILER_FLAGS=-mcpu=cortex-a9 -mfpu=vfpv3 -mfloat-abi=hard -nostartfiles -g -Wall -Wextra"
Compiling emacps
Running Make libs in ps7_cortexa9_0/libsrc/devcfg_v3_5/src
make -C ps7_cortexa9_0/libsrc/devcfg_v3_5/src -s libs  "SHELL=/bin/sh" "COMPILER=arm-none-eabi-gcc" "ARCHIVER=arm-none-eabi-ar" "COMPILER_FLAGS=  -O2 -c" "EXTRA_COMPILER_FLAGS=-mcpu=cortex-a9 -mfpu=vfpv3 -mfloat-abi=hard -nostartfiles -g -Wall -Wextra"
Compiling devcfg
Running Make libs in ps7_cortexa9_0/libsrc/scugic_v3_9/src
make -C ps7_cortexa9_0/libsrc/scugic_v3_9/src -s libs  "SHELL=/bin/sh" "COMPILER=arm-none-eabi-gcc" "ARCHIVER=arm-none-eabi-ar" "COMPILER_FLAGS=  -O2 -c" "EXTRA_COMPILER_FLAGS=-mcpu=cortex-a9 -mfpu=vfpv3 -mfloat-abi=hard -nostartfiles -g -Wall -Wextra"
Compiling scugic
Running Make libs in ps7_cortexa9_0/libsrc/uartps_v3_6/src
make -C ps7_cortexa9_0/libsrc/uartps_v3_6/src -s libs  "SHELL=/bin/sh" "COMPILER=arm-none-eabi-gcc" "ARCHIVER=arm-none-eabi-ar" "COMPILER_FLAGS=  -O2 -c" "EXTRA_COMPILER_FLAGS=-mcpu=cortex-a9 -mfpu=vfpv3 -mfloat-abi=hard -nostartfiles -g -Wall -Wextra"
Compiling uartps
Running Make libs in ps7_cortexa9_0/libsrc/xilffs_v3_9/src
make -C ps7_cortexa9_0/libsrc/xilffs_v3_9/src -s libs  "SHELL=/bin/sh" "COMPILER=arm-none-eabi-gcc" "ARCHIVER=arm-none-eabi-ar" "COMPILER_FLAGS=  -O2 -c" "EXTRA_COMPILER_FLAGS=-mcpu=cortex-a9 -mfpu=vfpv3 -mfloat-abi=hard -nostartfiles -g -Wall -Wextra"
Compiling XilFFs Library
Running Make libs in ps7_cortexa9_0/libsrc/xadcps_v2_2/src
make -C ps7_cortexa9_0/libsrc/xadcps_v2_2/src -s libs  "SHELL=/bin/sh" "COMPILER=arm-none-eabi-gcc" "ARCHIVER=arm-none-eabi-ar" "COMPILER_FLAGS=  -O2 -c" "EXTRA_COMPILER_FLAGS=-mcpu=cortex-a9 -mfpu=vfpv3 -mfloat-abi=hard -nostartfiles -g -Wall -Wextra"
Compiling xadcps
Running Make libs in ps7_cortexa9_0/libsrc/cpu_cortexa9_v2_6/src
make -C ps7_cortexa9_0/libsrc/cpu_cortexa9_v2_6/src -s libs  "SHELL=/bin/sh" "COMPILER=arm-none-eabi-gcc" "ARCHIVER=arm-none-eabi-ar" "COMPILER_FLAGS=  -O2 -c" "EXTRA_COMPILER_FLAGS=-mcpu=cortex-a9 -mfpu=vfpv3 -mfloat-abi=hard -nostartfiles -g -Wall -Wextra"
Compiling cpu_cortexa9
Running Make libs in ps7_cortexa9_0/libsrc/scuwdt_v2_1/src
make -C ps7_cortexa9_0/libsrc/scuwdt_v2_1/src -s libs  "SHELL=/bin/sh" "COMPILER=arm-none-eabi-gcc" "ARCHIVER=arm-none-eabi-ar" "COMPILER_FLAGS=  -O2 -c" "EXTRA_COMPILER_FLAGS=-mcpu=cortex-a9 -mfpu=vfpv3 -mfloat-abi=hard -nostartfiles -g -Wall -Wextra"
Compiling scuwdt
Running Make libs in ps7_cortexa9_0/libsrc/ttcps_v3_6/src
make -C ps7_cortexa9_0/libsrc/ttcps_v3_6/src -s libs  "SHELL=/bin/sh" "COMPILER=arm-none-eabi-gcc" "ARCHIVER=arm-none-eabi-ar" "COMPILER_FLAGS=  -O2 -c" "EXTRA_COMPILER_FLAGS=-mcpu=cortex-a9 -mfpu=vfpv3 -mfloat-abi=hard -nostartfiles -g -Wall -Wextra"
Compiling ttcps
Running Make libs in ps7_cortexa9_0/libsrc/sdps_v3_5/src
make -C ps7_cortexa9_0/libsrc/sdps_v3_5/src -s libs  "SHELL=/bin/sh" "COMPILER=arm-none-eabi-gcc" "ARCHIVER=arm-none-eabi-ar" "COMPILER_FLAGS=  -O2 -c" "EXTRA_COMPILER_FLAGS=-mcpu=cortex-a9 -mfpu=vfpv3 -mfloat-abi=hard -nostartfiles -g -Wall -Wextra"
Compiling sdps
Running Make libs in ps7_cortexa9_0/libsrc/usbps_v2_4/src
make -C ps7_cortexa9_0/libsrc/usbps_v2_4/src -s libs  "SHELL=/bin/sh" "COMPILER=arm-none-eabi-gcc" "ARCHIVER=arm-none-eabi-ar" "COMPILER_FLAGS=  -O2 -c" "EXTRA_COMPILER_FLAGS=-mcpu=cortex-a9 -mfpu=vfpv3 -mfloat-abi=hard -nostartfiles -g -Wall -Wextra"
Compiling usbps
Running Make libs in ps7_cortexa9_0/libsrc/coresightps_dcc_v1_4/src
make -C ps7_cortexa9_0/libsrc/coresightps_dcc_v1_4/src -s libs  "SHELL=/bin/sh" "COMPILER=arm-none-eabi-gcc" "ARCHIVER=arm-none-eabi-ar" "COMPILER_FLAGS=  -O2 -c" "EXTRA_COMPILER_FLAGS=-mcpu=cortex-a9 -mfpu=vfpv3 -mfloat-abi=hard -nostartfiles -g -Wall -Wextra"
Compiling coresightps_dcc
Running Make libs in ps7_cortexa9_0/libsrc/tmrctr_v4_4/src
make -C ps7_cortexa9_0/libsrc/tmrctr_v4_4/src -s libs  "SHELL=/bin/sh" "COMPILER=arm-none-eabi-gcc" "ARCHIVER=arm-none-eabi-ar" "COMPILER_FLAGS=  -O2 -c" "EXTRA_COMPILER_FLAGS=-mcpu=cortex-a9 -mfpu=vfpv3 -mfloat-abi=hard -nostartfiles -g -Wall -Wextra"
Compiling tmrctr
Running Make libs in ps7_cortexa9_0/libsrc/scutimer_v2_1/src
make -C ps7_cortexa9_0/libsrc/scutimer_v2_1/src -s libs  "SHELL=/bin/sh" "COMPILER=arm-none-eabi-gcc" "ARCHIVER=arm-none-eabi-ar" "COMPILER_FLAGS=  -O2 -c" "EXTRA_COMPILER_FLAGS=-mcpu=cortex-a9 -mfpu=vfpv3 -mfloat-abi=hard -nostartfiles -g -Wall -Wextra"
Compiling scutimer
Finished building libraries
21:00:01 **** Clean-only build of configuration Debug for project kmeans ****
make clean 
rm -rf  ./src/kmeans.o  ./src/kmeans.d  kmeans.elf.size  kmeans.elf
 
21:00:02 **** Auto Build of configuration Debug for project kmeans ****
make pre-build main-build 
a9-linaro-pre-build-step
 
Building file: ../src/kmeans.c
Invoking: ARM v7 gcc compiler
arm-none-eabi-gcc -Wall -O0 -g3 -c -fmessage-length=0 -MT"src/kmeans.o" -mcpu=cortex-a9 -mfpu=vfpv3 -mfloat-abi=hard -I../../kmeans_bsp/ps7_cortexa9_0/include -MMD -MP -MF"src/kmeans.d" -MT"src/kmeans.o" -o "src/kmeans.o" "../src/kmeans.c"
../src/kmeans.c: In function 'main':
../src/kmeans.c:18:10: error: 'XST_FAILURE' undeclared (first use in this function); did you mean 'EXIT_FAILURE'?
   return XST_FAILURE;
          ^~~~~~~~~~~
          EXIT_FAILURE
../src/kmeans.c:18:10: note: each undeclared identifier is reported only once for each function it appears in
make: *** [src/kmeans.o] Error 1
src/subdir.mk:21: recipe for target 'src/kmeans.o' failed
21:00:03 **** Auto Build of configuration Debug for project kmeans ****
make pre-build main-build 
a9-linaro-pre-build-step
 
Building file: ../src/kmeans.c
Invoking: ARM v7 gcc compiler
arm-none-eabi-gcc -Wall -O0 -g3 -c -fmessage-length=0 -MT"src/kmeans.o" -mcpu=cortex-a9 -mfpu=vfpv3 -mfloat-abi=hard -I../../kmeans_bsp/ps7_cortexa9_0/include -MMD -MP -MF"src/kmeans.d" -MT"src/kmeans.o" -o "src/kmeans.o" "../src/kmeans.c"
../src/kmeans.c: In function 'main':
../src/kmeans.c:19:10: error: 'XST_FAILURE' undeclared (first use in this function); did you mean 'EXIT_FAILURE'?
   return XST_FAILURE;
          ^~~~~~~~~~~
          EXIT_FAILURE
../src/kmeans.c:19:10: note: each undeclared identifier is reported only once for each function it appears in
make: *** [src/kmeans.o] Error 1
src/subdir.mk:21: recipe for target 'src/kmeans.o' failed
21:01:08 **** Auto Build of configuration Debug for project kmeans ****
make pre-build main-build 
a9-linaro-pre-build-step
 
Building file: ../src/kmeans.c
Invoking: ARM v7 gcc compiler
arm-none-eabi-gcc -Wall -O0 -g3 -c -fmessage-length=0 -MT"src/kmeans.o" -mcpu=cortex-a9 -mfpu=vfpv3 -mfloat-abi=hard -I../../kmeans_bsp/ps7_cortexa9_0/include -MMD -MP -MF"src/kmeans.d" -MT"src/kmeans.o" -o "src/kmeans.o" "../src/kmeans.c"
../src/kmeans.c: In function 'main':
../src/kmeans.c:18:10: error: 'XST_FAILURE' undeclared (first use in this function); did you mean 'EXIT_FAILURE'?
   return XST_FAILURE;
          ^~~~~~~~~~~
          EXIT_FAILURE
../src/kmeans.c:18:10: note: each undeclared identifier is reported only once for each function it appears in
make: *** [src/kmeans.o] Error 1
src/subdir.mk:21: recipe for target 'src/kmeans.o' failed
21:01:25 **** Auto Build of configuration Debug for project kmeans ****
make pre-build main-build 
a9-linaro-pre-build-step
 
Building file: ../src/kmeans.c
Invoking: ARM v7 gcc compiler
arm-none-eabi-gcc -Wall -O0 -g3 -c -fmessage-length=0 -MT"src/kmeans.o" -mcpu=cortex-a9 -mfpu=vfpv3 -mfloat-abi=hard -I../../kmeans_bsp/ps7_cortexa9_0/include -MMD -MP -MF"src/kmeans.d" -MT"src/kmeans.o" -o "src/kmeans.o" "../src/kmeans.c"
../src/kmeans.c: In function 'main':
../src/kmeans.c:19:10: error: 'XST_FAILURE' undeclared (first use in this function); did you mean 'EXIT_FAILURE'?
   return XST_FAILURE;
          ^~~~~~~~~~~
          EXIT_FAILURE
../src/kmeans.c:19:10: note: each undeclared identifier is reported only once for each function it appears in
make: *** [src/kmeans.o] Error 1
src/subdir.mk:21: recipe for target 'src/kmeans.o' failed
21:01:36 **** Auto Build of configuration Debug for project kmeans ****
make pre-build main-build 
a9-linaro-pre-build-step
 
Building file: ../src/kmeans.c
Invoking: ARM v7 gcc compiler
arm-none-eabi-gcc -Wall -O0 -g3 -c -fmessage-length=0 -MT"src/kmeans.o" -mcpu=cortex-a9 -mfpu=vfpv3 -mfloat-abi=hard -I../../kmeans_bsp/ps7_cortexa9_0/include -MMD -MP -MF"src/kmeans.d" -MT"src/kmeans.o" -o "src/kmeans.o" "../src/kmeans.c"
../src/kmeans.c: In function 'main':
../src/kmeans.c:20:10: error: 'XST_FAILURE' undeclared (first use in this function); did you mean 'EXIT_FAILURE'?
   return XST_FAILURE;
          ^~~~~~~~~~~
          EXIT_FAILURE
../src/kmeans.c:20:10: note: each undeclared identifier is reported only once for each function it appears in
src/subdir.mk:21: recipe for target 'src/kmeans.o' failed
make: *** [src/kmeans.o] Error 1
21:01:49 **** Auto Build of configuration Debug for project kmeans ****
make pre-build main-build 
a9-linaro-pre-build-step
 
Building file: ../src/kmeans.c
Invoking: ARM v7 gcc compiler
arm-none-eabi-gcc -Wall -O0 -g3 -c -fmessage-length=0 -MT"src/kmeans.o" -mcpu=cortex-a9 -mfpu=vfpv3 -mfloat-abi=hard -I../../kmeans_bsp/ps7_cortexa9_0/include -MMD -MP -MF"src/kmeans.d" -MT"src/kmeans.o" -o "src/kmeans.o" "../src/kmeans.c"
../src/kmeans.c: In function 'main':
../src/kmeans.c:21:10: error: 'XST_FAILURE' undeclared (first use in this function); did you mean 'EXIT_FAILURE'?
   return XST_FAILURE;
          ^~~~~~~~~~~
          EXIT_FAILURE
../src/kmeans.c:21:10: note: each undeclared identifier is reported only once for each function it appears in
make: *** [src/kmeans.o] Error 1
src/subdir.mk:21: recipe for target 'src/kmeans.o' failed
21:05:15 **** Auto Build of configuration Debug for project kmeans ****
make pre-build main-build 
a9-linaro-pre-build-step
 
Building file: ../src/kmeans.c
Invoking: ARM v7 gcc compiler
arm-none-eabi-gcc -Wall -O0 -g3 -c -fmessage-length=0 -MT"src/kmeans.o" -mcpu=cortex-a9 -mfpu=vfpv3 -mfloat-abi=hard -I../../kmeans_bsp/ps7_cortexa9_0/include -MMD -MP -MF"src/kmeans.d" -MT"src/kmeans.o" -o "src/kmeans.o" "../src/kmeans.c"
Finished building: ../src/kmeans.c
 
Building target: kmeans.elf
Invoking: ARM v7 gcc linker
arm-none-eabi-gcc -mcpu=cortex-a9 -mfpu=vfpv3 -mfloat-abi=hard -Wl,-build-id=none -specs=Xilinx.spec -Wl,-T -Wl,../src/lscript.ld -L../../kmeans_bsp/ps7_cortexa9_0/lib -o "kmeans.elf"  ./src/kmeans.o   -Wl,--start-group,-lxil,-lgcc,-lc,--end-group -Wl,--start-group,-lxilffs,-lxil,-lgcc,-lc,--end-group
Finished building target: kmeans.elf
 
Invoking: ARM v7 Print Size
arm-none-eabi-size kmeans.elf  |tee "kmeans.elf.size"
   text	   data	    bss	    dec	    hex	filename
  57800	   2228	  24576	  84604	  14a7c	kmeans.elf
Finished building: kmeans.elf.size
 
21:07:22 **** Auto Build of configuration Debug for project kmeans ****
make pre-build main-build 
a9-linaro-pre-build-step
 
Building file: ../src/kmeans.c
Invoking: ARM v7 gcc compiler
arm-none-eabi-gcc -Wall -O0 -g3 -c -fmessage-length=0 -MT"src/kmeans.o" -mcpu=cortex-a9 -mfpu=vfpv3 -mfloat-abi=hard -I../../kmeans_bsp/ps7_cortexa9_0/include -MMD -MP -MF"src/kmeans.d" -MT"src/kmeans.o" -o "src/kmeans.o" "../src/kmeans.c"
Finished building: ../src/kmeans.c
 
Building target: kmeans.elf
Invoking: ARM v7 gcc linker
arm-none-eabi-gcc -mcpu=cortex-a9 -mfpu=vfpv3 -mfloat-abi=hard -Wl,-build-id=none -specs=Xilinx.spec -Wl,-T -Wl,../src/lscript.ld -L../../kmeans_bsp/ps7_cortexa9_0/lib -o "kmeans.elf"  ./src/kmeans.o   -Wl,--start-group,-lxil,-lgcc,-lc,--end-group -Wl,--start-group,-lxilffs,-lxil,-lgcc,-lc,--end-group
Finished building target: kmeans.elf
 
Invoking: ARM v7 Print Size
arm-none-eabi-size kmeans.elf  |tee "kmeans.elf.size"
   text	   data	    bss	    dec	    hex	filename
  57800	   2228	  24576	  84604	  14a7c	kmeans.elf
Finished building: kmeans.elf.size
 
21:07:24 **** Auto Build of configuration Debug for project kmeans ****
make pre-build main-build 
a9-linaro-pre-build-step
 
make: Nothing to be done for 'main-build'.
21:25:09 **** Auto Build of configuration Debug for project kmeans ****
make pre-build main-build 
a9-linaro-pre-build-step
 
Building file: ../src/kmeans.c
Invoking: ARM v7 gcc compiler
arm-none-eabi-gcc -Wall -O0 -g3 -c -fmessage-length=0 -MT"src/kmeans.o" -mcpu=cortex-a9 -mfpu=vfpv3 -mfloat-abi=hard -I../../kmeans_bsp/ps7_cortexa9_0/include -MMD -MP -MF"src/kmeans.d" -MT"src/kmeans.o" -o "src/kmeans.o" "../src/kmeans.c"
Finished building: ../src/kmeans.c
 
Building target: kmeans.elf
Invoking: ARM v7 gcc linker
arm-none-eabi-gcc -mcpu=cortex-a9 -mfpu=vfpv3 -mfloat-abi=hard -Wl,-build-id=none -specs=Xilinx.spec -Wl,-T -Wl,../src/lscript.ld -L../../kmeans_bsp/ps7_cortexa9_0/lib -o "kmeans.elf"  ./src/kmeans.o   -Wl,--start-group,-lxil,-lgcc,-lc,--end-group -Wl,--start-group,-lxilffs,-lxil,-lgcc,-lc,--end-group
Finished building target: kmeans.elf
 
Invoking: ARM v7 Print Size
arm-none-eabi-size kmeans.elf  |tee "kmeans.elf.size"
   text	   data	    bss	    dec	    hex	filename
  57804	   2228	  24576	  84608	  14a80	kmeans.elf
Finished building: kmeans.elf.size
 
21:27:03 **** Incremental Build of configuration Debug for project kmeans ****
make pre-build main-build 
a9-linaro-pre-build-step
 
make: Nothing to be done for 'main-build'.
21:30:37 **** Auto Build of configuration Debug for project kmeans ****
make pre-build main-build 
a9-linaro-pre-build-step
 
Building file: ../src/kmeans.c
Invoking: ARM v7 gcc compiler
arm-none-eabi-gcc -Wall -O0 -g3 -c -fmessage-length=0 -MT"src/kmeans.o" -mcpu=cortex-a9 -mfpu=vfpv3 -mfloat-abi=hard -I../../kmeans_bsp/ps7_cortexa9_0/include -MMD -MP -MF"src/kmeans.d" -MT"src/kmeans.o" -o "src/kmeans.o" "../src/kmeans.c"
Finished building: ../src/kmeans.c
 
Building target: kmeans.elf
Invoking: ARM v7 gcc linker
arm-none-eabi-gcc -mcpu=cortex-a9 -mfpu=vfpv3 -mfloat-abi=hard -Wl,-build-id=none -specs=Xilinx.spec -Wl,-T -Wl,../src/lscript.ld -L../../kmeans_bsp/ps7_cortexa9_0/lib -o "kmeans.elf"  ./src/kmeans.o   -Wl,--start-group,-lxil,-lgcc,-lc,--end-group -Wl,--start-group,-lxilffs,-lxil,-lgcc,-lc,--end-group
Finished building target: kmeans.elf
 
Invoking: ARM v7 Print Size
arm-none-eabi-size kmeans.elf  |tee "kmeans.elf.size"
   text	   data	    bss	    dec	    hex	filename
  57868	   2228	  24576	  84672	  14ac0	kmeans.elf
Finished building: kmeans.elf.size
 
21:34:38 **** Auto Build of configuration Debug for project kmeans ****
make pre-build main-build 
a9-linaro-pre-build-step
 
Building file: ../src/kmeans.c
Invoking: ARM v7 gcc compiler
arm-none-eabi-gcc -Wall -O0 -g3 -c -fmessage-length=0 -MT"src/kmeans.o" -mcpu=cortex-a9 -mfpu=vfpv3 -mfloat-abi=hard -I../../kmeans_bsp/ps7_cortexa9_0/include -MMD -MP -MF"src/kmeans.d" -MT"src/kmeans.o" -o "src/kmeans.o" "../src/kmeans.c"
../src/kmeans.c: In function 'kmeans':
../src/kmeans.c:15:21: error: 'new' undeclared (first use in this function); did you mean 'getw'?
  float** data_set = new float*[N_POINTS];
                     ^~~
                     getw
../src/kmeans.c:15:21: note: each undeclared identifier is reported only once for each function it appears in
../src/kmeans.c:15:25: error: expected ',' or ';' before 'float'
  float** data_set = new float*[N_POINTS];
                         ^~~~~
../src/kmeans.c:16:17: error: 'N_POINTS' undeclared (first use in this function); did you mean '__DOTS'?
  for(int i=0; i<N_POINTS; i++){
                 ^~~~~~~~
                 __DOTS
../src/kmeans.c:17:24: error: expected ';' before 'float'
      data_set[i] = new float[N_FEATURES];
                        ^~~~~
make: *** [src/kmeans.o] Error 1
src/subdir.mk:21: recipe for target 'src/kmeans.o' failed
21:35:50 **** Auto Build of configuration Debug for project kmeans ****
make pre-build main-build 
a9-linaro-pre-build-step
 
Building file: ../src/kmeans.c
Invoking: ARM v7 gcc compiler
arm-none-eabi-gcc -Wall -O0 -g3 -c -fmessage-length=0 -MT"src/kmeans.o" -mcpu=cortex-a9 -mfpu=vfpv3 -mfloat-abi=hard -I../../kmeans_bsp/ps7_cortexa9_0/include -MMD -MP -MF"src/kmeans.d" -MT"src/kmeans.o" -o "src/kmeans.o" "../src/kmeans.c"
Finished building: ../src/kmeans.c
 
Building target: kmeans.elf
Invoking: ARM v7 gcc linker
arm-none-eabi-gcc -mcpu=cortex-a9 -mfpu=vfpv3 -mfloat-abi=hard -Wl,-build-id=none -specs=Xilinx.spec -Wl,-T -Wl,../src/lscript.ld -L../../kmeans_bsp/ps7_cortexa9_0/lib -o "kmeans.elf"  ./src/kmeans.o   -Wl,--start-group,-lxil,-lgcc,-lc,--end-group -Wl,--start-group,-lxilffs,-lxil,-lgcc,-lc,--end-group
Finished building target: kmeans.elf
 
Invoking: ARM v7 Print Size
arm-none-eabi-size kmeans.elf  |tee "kmeans.elf.size"
   text	   data	    bss	    dec	    hex	filename
  57868	   2228	  24576	  84672	  14ac0	kmeans.elf
Finished building: kmeans.elf.size
 
21:35:53 **** Auto Build of configuration Debug for project kmeans ****
make pre-build main-build 
a9-linaro-pre-build-step
 
Building file: ../src/kmeans.c
Invoking: ARM v7 gcc compiler
arm-none-eabi-gcc -Wall -O0 -g3 -c -fmessage-length=0 -MT"src/kmeans.o" -mcpu=cortex-a9 -mfpu=vfpv3 -mfloat-abi=hard -I../../kmeans_bsp/ps7_cortexa9_0/include -MMD -MP -MF"src/kmeans.d" -MT"src/kmeans.o" -o "src/kmeans.o" "../src/kmeans.c"
Finished building: ../src/kmeans.c
 
Building target: kmeans.elf
Invoking: ARM v7 gcc linker
arm-none-eabi-gcc -mcpu=cortex-a9 -mfpu=vfpv3 -mfloat-abi=hard -Wl,-build-id=none -specs=Xilinx.spec -Wl,-T -Wl,../src/lscript.ld -L../../kmeans_bsp/ps7_cortexa9_0/lib -o "kmeans.elf"  ./src/kmeans.o   -Wl,--start-group,-lxil,-lgcc,-lc,--end-group -Wl,--start-group,-lxilffs,-lxil,-lgcc,-lc,--end-group
Finished building target: kmeans.elf
 
Invoking: ARM v7 Print Size
arm-none-eabi-size kmeans.elf  |tee "kmeans.elf.size"
   text	   data	    bss	    dec	    hex	filename
  57868	   2228	  24576	  84672	  14ac0	kmeans.elf
Finished building: kmeans.elf.size
 
21:37:39 **** Auto Build of configuration Debug for project kmeans ****
make pre-build main-build 
a9-linaro-pre-build-step
 
Building file: ../src/kmeans.c
Invoking: ARM v7 gcc compiler
arm-none-eabi-gcc -Wall -O0 -g3 -c -fmessage-length=0 -MT"src/kmeans.o" -mcpu=cortex-a9 -mfpu=vfpv3 -mfloat-abi=hard -I../../kmeans_bsp/ps7_cortexa9_0/include -MMD -MP -MF"src/kmeans.d" -MT"src/kmeans.o" -o "src/kmeans.o" "../src/kmeans.c"
../src/kmeans.c: In function 'kmeans':
../src/kmeans.c:15:37: error: 'N_POINTS' undeclared (first use in this function); did you mean '__DOTS'?
  float** data_set = (float**)malloc(N_POINTS * sizeof(float*));
                                     ^~~~~~~~
                                     __DOTS
../src/kmeans.c:15:37: note: each undeclared identifier is reported only once for each function it appears in
../src/kmeans.c:17:20: error: 'new' undeclared (first use in this function); did you mean 'getw'?
      data_set[i] = new float[N_FEATURES];
                    ^~~
                    getw
../src/kmeans.c:17:24: error: expected ';' before 'float'
      data_set[i] = new float[N_FEATURES];
                        ^~~~~
src/subdir.mk:21: recipe for target 'src/kmeans.o' failed
make: *** [src/kmeans.o] Error 1
21:38:40 **** Auto Build of configuration Debug for project kmeans ****
make pre-build main-build 
a9-linaro-pre-build-step
 
Building file: ../src/kmeans.c
Invoking: ARM v7 gcc compiler
arm-none-eabi-gcc -Wall -O0 -g3 -c -fmessage-length=0 -MT"src/kmeans.o" -mcpu=cortex-a9 -mfpu=vfpv3 -mfloat-abi=hard -I../../kmeans_bsp/ps7_cortexa9_0/include -MMD -MP -MF"src/kmeans.d" -MT"src/kmeans.o" -o "src/kmeans.o" "../src/kmeans.c"
../src/kmeans.c: In function 'kmeans':
../src/kmeans.c:21:20: error: 'new' undeclared (first use in this function); did you mean 'getw'?
      data_set[i] = new float[N_FEATURES];
                    ^~~
                    getw
../src/kmeans.c:21:20: note: each undeclared identifier is reported only once for each function it appears in
../src/kmeans.c:21:24: error: expected ';' before 'float'
      data_set[i] = new float[N_FEATURES];
                        ^~~~~
src/subdir.mk:21: recipe for target 'src/kmeans.o' failed
make: *** [src/kmeans.o] Error 1
21:39:20 **** Auto Build of configuration Debug for project kmeans ****
make pre-build main-build 
a9-linaro-pre-build-step
 
Building file: ../src/kmeans.c
Invoking: ARM v7 gcc compiler
arm-none-eabi-gcc -Wall -O0 -g3 -c -fmessage-length=0 -MT"src/kmeans.o" -mcpu=cortex-a9 -mfpu=vfpv3 -mfloat-abi=hard -I../../kmeans_bsp/ps7_cortexa9_0/include -MMD -MP -MF"src/kmeans.d" -MT"src/kmeans.o" -o "src/kmeans.o" "../src/kmeans.c"
Finished building: ../src/kmeans.c
 
Building target: kmeans.elf
Invoking: ARM v7 gcc linker
arm-none-eabi-gcc -mcpu=cortex-a9 -mfpu=vfpv3 -mfloat-abi=hard -Wl,-build-id=none -specs=Xilinx.spec -Wl,-T -Wl,../src/lscript.ld -L../../kmeans_bsp/ps7_cortexa9_0/lib -o "kmeans.elf"  ./src/kmeans.o   -Wl,--start-group,-lxil,-lgcc,-lc,--end-group -Wl,--start-group,-lxilffs,-lxil,-lgcc,-lc,--end-group
Finished building target: kmeans.elf
 
Invoking: ARM v7 Print Size
arm-none-eabi-size kmeans.elf  |tee "kmeans.elf.size"
   text	   data	    bss	    dec	    hex	filename
  58088	   2228	  24576	  84892	  14b9c	kmeans.elf
Finished building: kmeans.elf.size
 
21:47:33 **** Auto Build of configuration Debug for project kmeans ****
make pre-build main-build 
a9-linaro-pre-build-step
 
Building file: ../src/kmeans.c
Invoking: ARM v7 gcc compiler
arm-none-eabi-gcc -Wall -O0 -g3 -c -fmessage-length=0 -MT"src/kmeans.o" -mcpu=cortex-a9 -mfpu=vfpv3 -mfloat-abi=hard -I../../kmeans_bsp/ps7_cortexa9_0/include -MMD -MP -MF"src/kmeans.d" -MT"src/kmeans.o" -o "src/kmeans.o" "../src/kmeans.c"
../src/kmeans.c: In function 'kmeans':
../src/kmeans.c:33:6: warning: unused variable 'in_index' [-Wunused-variable]
  int in_index[N_CLUSTER];
      ^~~~~~~~
Finished building: ../src/kmeans.c
 
Building target: kmeans.elf
Invoking: ARM v7 gcc linker
arm-none-eabi-gcc -mcpu=cortex-a9 -mfpu=vfpv3 -mfloat-abi=hard -Wl,-build-id=none -specs=Xilinx.spec -Wl,-T -Wl,../src/lscript.ld -L../../kmeans_bsp/ps7_cortexa9_0/lib -o "kmeans.elf"  ./src/kmeans.o   -Wl,--start-group,-lxil,-lgcc,-lc,--end-group -Wl,--start-group,-lxilffs,-lxil,-lgcc,-lc,--end-group
Finished building target: kmeans.elf
 
Invoking: ARM v7 Print Size
arm-none-eabi-size kmeans.elf  |tee "kmeans.elf.size"
   text	   data	    bss	    dec	    hex	filename
  58408	   2228	  24576	  85212	  14cdc	kmeans.elf
Finished building: kmeans.elf.size
 
21:47:46 **** Auto Build of configuration Debug for project kmeans ****
make pre-build main-build 
a9-linaro-pre-build-step
 
Building file: ../src/kmeans.c
Invoking: ARM v7 gcc compiler
arm-none-eabi-gcc -Wall -O0 -g3 -c -fmessage-length=0 -MT"src/kmeans.o" -mcpu=cortex-a9 -mfpu=vfpv3 -mfloat-abi=hard -I../../kmeans_bsp/ps7_cortexa9_0/include -MMD -MP -MF"src/kmeans.d" -MT"src/kmeans.o" -o "src/kmeans.o" "../src/kmeans.c"
../src/kmeans.c: In function 'kmeans':
../src/kmeans.c:33:6: warning: unused variable 'in_index' [-Wunused-variable]
  int in_index[N_CLUSTER];
      ^~~~~~~~
Finished building: ../src/kmeans.c
 
Building target: kmeans.elf
Invoking: ARM v7 gcc linker
arm-none-eabi-gcc -mcpu=cortex-a9 -mfpu=vfpv3 -mfloat-abi=hard -Wl,-build-id=none -specs=Xilinx.spec -Wl,-T -Wl,../src/lscript.ld -L../../kmeans_bsp/ps7_cortexa9_0/lib -o "kmeans.elf"  ./src/kmeans.o   -Wl,--start-group,-lxil,-lgcc,-lc,--end-group -Wl,--start-group,-lxilffs,-lxil,-lgcc,-lc,--end-group
Finished building target: kmeans.elf
 
Invoking: ARM v7 Print Size
arm-none-eabi-size kmeans.elf  |tee "kmeans.elf.size"
   text	   data	    bss	    dec	    hex	filename
  58472	   2228	  24576	  85276	  14d1c	kmeans.elf
Finished building: kmeans.elf.size
 
21:47:55 **** Auto Build of configuration Debug for project kmeans ****
make pre-build main-build 
a9-linaro-pre-build-step
 
Building file: ../src/kmeans.c
Invoking: ARM v7 gcc compiler
arm-none-eabi-gcc -Wall -O0 -g3 -c -fmessage-length=0 -MT"src/kmeans.o" -mcpu=cortex-a9 -mfpu=vfpv3 -mfloat-abi=hard -I../../kmeans_bsp/ps7_cortexa9_0/include -MMD -MP -MF"src/kmeans.d" -MT"src/kmeans.o" -o "src/kmeans.o" "../src/kmeans.c"
../src/kmeans.c: In function 'kmeans':
../src/kmeans.c:33:6: warning: unused variable 'in_index' [-Wunused-variable]
  int in_index[N_CLUSTER];
      ^~~~~~~~
Finished building: ../src/kmeans.c
 
Building target: kmeans.elf
Invoking: ARM v7 gcc linker
arm-none-eabi-gcc -mcpu=cortex-a9 -mfpu=vfpv3 -mfloat-abi=hard -Wl,-build-id=none -specs=Xilinx.spec -Wl,-T -Wl,../src/lscript.ld -L../../kmeans_bsp/ps7_cortexa9_0/lib -o "kmeans.elf"  ./src/kmeans.o   -Wl,--start-group,-lxil,-lgcc,-lc,--end-group -Wl,--start-group,-lxilffs,-lxil,-lgcc,-lc,--end-group
Finished building target: kmeans.elf
 
Invoking: ARM v7 Print Size
arm-none-eabi-size kmeans.elf  |tee "kmeans.elf.size"
   text	   data	    bss	    dec	    hex	filename
  58472	   2228	  24576	  85276	  14d1c	kmeans.elf
Finished building: kmeans.elf.size
 
21:54:46 **** Auto Build of configuration Debug for project kmeans ****
make pre-build main-build 
a9-linaro-pre-build-step
 
Building file: ../src/kmeans.c
Invoking: ARM v7 gcc compiler
arm-none-eabi-gcc -Wall -O0 -g3 -c -fmessage-length=0 -MT"src/kmeans.o" -mcpu=cortex-a9 -mfpu=vfpv3 -mfloat-abi=hard -I../../kmeans_bsp/ps7_cortexa9_0/include -MMD -MP -MF"src/kmeans.d" -MT"src/kmeans.o" -o "src/kmeans.o" "../src/kmeans.c"
../src/kmeans.c: In function 'kmeans':
../src/kmeans.c:20:2: error: expected expression before '/=' token
  /============= variables declaration ==============/
  ^~
../src/kmeans.c:24:6: error: 'data_set' undeclared (first use in this function); did you mean 'fd_set'?
      data_set[i] = (float*)malloc(N_FEATURES * sizeof(float));
      ^~~~~~~~
      fd_set
../src/kmeans.c:24:6: note: each undeclared identifier is reported only once for each function it appears in
../src/kmeans.c:36:6: warning: unused variable 'in_index' [-Wunused-variable]
  int in_index[N_CLUSTER];
      ^~~~~~~~
src/subdir.mk:21: recipe for target 'src/kmeans.o' failed
make: *** [src/kmeans.o] Error 1
21:55:26 **** Auto Build of configuration Debug for project kmeans ****
make pre-build main-build 
a9-linaro-pre-build-step
 
Building file: ../src/kmeans.c
Invoking: ARM v7 gcc compiler
arm-none-eabi-gcc -Wall -O0 -g3 -c -fmessage-length=0 -MT"src/kmeans.o" -mcpu=cortex-a9 -mfpu=vfpv3 -mfloat-abi=hard -I../../kmeans_bsp/ps7_cortexa9_0/include -MMD -MP -MF"src/kmeans.d" -MT"src/kmeans.o" -o "src/kmeans.o" "../src/kmeans.c"
../src/kmeans.c: In function 'kmeans':
../src/kmeans.c:37:6: warning: unused variable 'in_index' [-Wunused-variable]
  int in_index[N_CLUSTER];
      ^~~~~~~~
Finished building: ../src/kmeans.c
 
Building target: kmeans.elf
Invoking: ARM v7 gcc linker
arm-none-eabi-gcc -mcpu=cortex-a9 -mfpu=vfpv3 -mfloat-abi=hard -Wl,-build-id=none -specs=Xilinx.spec -Wl,-T -Wl,../src/lscript.ld -L../../kmeans_bsp/ps7_cortexa9_0/lib -o "kmeans.elf"  ./src/kmeans.o   -Wl,--start-group,-lxil,-lgcc,-lc,--end-group -Wl,--start-group,-lxilffs,-lxil,-lgcc,-lc,--end-group
Finished building target: kmeans.elf
 
Invoking: ARM v7 Print Size
arm-none-eabi-size kmeans.elf  |tee "kmeans.elf.size"
   text	   data	    bss	    dec	    hex	filename
  58472	   2228	  24576	  85276	  14d1c	kmeans.elf
Finished building: kmeans.elf.size
 
21:57:16 **** Auto Build of configuration Debug for project kmeans ****
make pre-build main-build 
a9-linaro-pre-build-step
 
Building file: ../src/kmeans.c
Invoking: ARM v7 gcc compiler
arm-none-eabi-gcc -Wall -O0 -g3 -c -fmessage-length=0 -MT"src/kmeans.o" -mcpu=cortex-a9 -mfpu=vfpv3 -mfloat-abi=hard -I../../kmeans_bsp/ps7_cortexa9_0/include -MMD -MP -MF"src/kmeans.d" -MT"src/kmeans.o" -o "src/kmeans.o" "../src/kmeans.c"
../src/kmeans.c: In function 'kmeans':
../src/kmeans.c:37:6: warning: unused variable 'in_index' [-Wunused-variable]
  int in_index[N_CLUSTER];
      ^~~~~~~~
Finished building: ../src/kmeans.c
 
Building target: kmeans.elf
Invoking: ARM v7 gcc linker
arm-none-eabi-gcc -mcpu=cortex-a9 -mfpu=vfpv3 -mfloat-abi=hard -Wl,-build-id=none -specs=Xilinx.spec -Wl,-T -Wl,../src/lscript.ld -L../../kmeans_bsp/ps7_cortexa9_0/lib -o "kmeans.elf"  ./src/kmeans.o   -Wl,--start-group,-lxil,-lgcc,-lc,--end-group -Wl,--start-group,-lxilffs,-lxil,-lgcc,-lc,--end-group
Finished building target: kmeans.elf
 
Invoking: ARM v7 Print Size
arm-none-eabi-size kmeans.elf  |tee "kmeans.elf.size"
   text	   data	    bss	    dec	    hex	filename
  58472	   2228	  24576	  85276	  14d1c	kmeans.elf
Finished building: kmeans.elf.size
 
21:57:18 **** Auto Build of configuration Debug for project kmeans ****
make pre-build main-build 
a9-linaro-pre-build-step
 
Building file: ../src/kmeans.c
Invoking: ARM v7 gcc compiler
arm-none-eabi-gcc -Wall -O0 -g3 -c -fmessage-length=0 -MT"src/kmeans.o" -mcpu=cortex-a9 -mfpu=vfpv3 -mfloat-abi=hard -I../../kmeans_bsp/ps7_cortexa9_0/include -MMD -MP -MF"src/kmeans.d" -MT"src/kmeans.o" -o "src/kmeans.o" "../src/kmeans.c"
../src/kmeans.c: In function 'kmeans':
../src/kmeans.c:36:6: warning: unused variable 'in_index' [-Wunused-variable]
  int in_index[N_CLUSTER];
      ^~~~~~~~
Finished building: ../src/kmeans.c
 
Building target: kmeans.elf
Invoking: ARM v7 gcc linker
arm-none-eabi-gcc -mcpu=cortex-a9 -mfpu=vfpv3 -mfloat-abi=hard -Wl,-build-id=none -specs=Xilinx.spec -Wl,-T -Wl,../src/lscript.ld -L../../kmeans_bsp/ps7_cortexa9_0/lib -o "kmeans.elf"  ./src/kmeans.o   -Wl,--start-group,-lxil,-lgcc,-lc,--end-group -Wl,--start-group,-lxilffs,-lxil,-lgcc,-lc,--end-group
./src/kmeans.o: In function `kmeans':
/home/fabian/Documents/ensta/deuxieme/rob307/git_repo/kmeans/hardware_arm_only/hardware_arm_only.sdk/kmeans/Debug/../src/kmeans.c:40: undefined reference to `read_dataset'
collect2: error: ld returned 1 exit status
make: *** [kmeans.elf] Error 1
makefile:39: recipe for target 'kmeans.elf' failed
21:57:50 **** Auto Build of configuration Debug for project kmeans ****
make pre-build main-build 
a9-linaro-pre-build-step
 
Building file: ../src/kmeans.c
Invoking: ARM v7 gcc compiler
arm-none-eabi-gcc -Wall -O0 -g3 -c -fmessage-length=0 -MT"src/kmeans.o" -mcpu=cortex-a9 -mfpu=vfpv3 -mfloat-abi=hard -I../../kmeans_bsp/ps7_cortexa9_0/include -MMD -MP -MF"src/kmeans.d" -MT"src/kmeans.o" -o "src/kmeans.o" "../src/kmeans.c"
../src/kmeans.c: In function 'kmeans':
../src/kmeans.c:36:6: warning: unused variable 'in_index' [-Wunused-variable]
  int in_index[N_CLUSTER];
      ^~~~~~~~
../src/kmeans.c: In function 'read_dataset':
../src/kmeans.c:52:7: error: expected expression before ':' token
   std::ifstream file (FILE_NAME);
       ^
../src/kmeans.c:53:3: error: duplicate label 'std'
   std::string::size_type sz;
   ^~~
../src/kmeans.c:52:3: note: previous definition of 'std' was here
   std::ifstream file (FILE_NAME);
   ^~~
../src/kmeans.c:53:7: error: expected expression before ':' token
   std::string::size_type sz;
       ^
../src/kmeans.c:57:7: error: 'std' undeclared (first use in this function)
   for(std::string line; std::getline(file, line); )   //read stream line by line
       ^~~
../src/kmeans.c:57:7: note: each undeclared identifier is reported only once for each function it appears in
../src/kmeans.c:57:10: error: expected ';' before ':' token
   for(std::string line; std::getline(file, line); )   //read stream line by line
          ^
../src/kmeans.c:57:28: error: expected ';' before ':' token
src/subdir.mk:21: recipe for target 'src/kmeans.o' failed
   for(std::string line; std::getline(file, line); )   //read stream line by line
                            ^
../src/kmeans.c:59:7: error: duplicate label 'std'
       std::istringstream in(line);      //make a stream for the line itself
       ^~~
../src/kmeans.c:52:3: note: previous definition of 'std' was here
   std::ifstream file (FILE_NAME);
   ^~~
../src/kmeans.c:59:11: error: expected expression before ':' token
       std::istringstream in(line);      //make a stream for the line itself
           ^
../src/kmeans.c:60:7: error: duplicate label 'std'
       std::string token;
       ^~~
../src/kmeans.c:52:3: note: previous definition of 'std' was here
   std::ifstream file (FILE_NAME);
   ^~~
../src/kmeans.c:60:11: error: expected expression before ':' token
       std::string token;
           ^
../src/kmeans.c:61:16: error: expected ')' before ':' token
       while(std::getline(in, token, ',')) {
                ^
../src/kmeans.c:62:11: error: duplicate label 'std'
           std::stringstream   data(token);
           ^~~
../src/kmeans.c:52:3: note: previous definition of 'std' was here
   std::ifstream file (FILE_NAME);
   ^~~
../src/kmeans.c:62:15: error: expected expression before ':' token
           std::stringstream   data(token);
               ^
../src/kmeans.c:63:11: error: 'data' undeclared (first use in this function)
           data>>data_set[r][c];
           ^~~~
../src/kmeans.c:52:3: warning: label 'std' defined but not used [-Wunused-label]
   std::ifstream file (FILE_NAME);
   ^~~
make: *** [src/kmeans.o] Error 1
21:58:16 **** Auto Build of configuration Debug for project kmeans ****
make pre-build main-build 
a9-linaro-pre-build-step
 
Building file: ../src/kmeans.c
Invoking: ARM v7 gcc compiler
arm-none-eabi-gcc -Wall -O0 -g3 -c -fmessage-length=0 -MT"src/kmeans.o" -mcpu=cortex-a9 -mfpu=vfpv3 -mfloat-abi=hard -I../../kmeans_bsp/ps7_cortexa9_0/include -MMD -MP -MF"src/kmeans.d" -MT"src/kmeans.o" -o "src/kmeans.o" "../src/kmeans.c"
../src/kmeans.c: In function 'kmeans':
../src/kmeans.c:36:6: warning: unused variable 'in_index' [-Wunused-variable]
  int in_index[N_CLUSTER];
      ^~~~~~~~
../src/kmeans.c: In function 'read_dataset':
../src/kmeans.c:52:7: error: expected expression before ':' token
   std::ifstream file (FILE_NAME);
       ^
../src/kmeans.c:52:3: warning: label 'std' defined but not used [-Wunused-label]
   std::ifstream file (FILE_NAME);
   ^~~
src/subdir.mk:21: recipe for target 'src/kmeans.o' failed
make: *** [src/kmeans.o] Error 1
21:58:35 **** Auto Build of configuration Debug for project kmeans ****
make pre-build main-build 
a9-linaro-pre-build-step
 
Building file: ../src/kmeans.c
Invoking: ARM v7 gcc compiler
arm-none-eabi-gcc -Wall -O0 -g3 -c -fmessage-length=0 -MT"src/kmeans.o" -mcpu=cortex-a9 -mfpu=vfpv3 -mfloat-abi=hard -I../../kmeans_bsp/ps7_cortexa9_0/include -MMD -MP -MF"src/kmeans.d" -MT"src/kmeans.o" -o "src/kmeans.o" "../src/kmeans.c"
../src/kmeans.c: In function 'kmeans':
../src/kmeans.c:36:6: warning: unused variable 'in_index' [-Wunused-variable]
  int in_index[N_CLUSTER];
      ^~~~~~~~
Finished building: ../src/kmeans.c
 
Building target: kmeans.elf
Invoking: ARM v7 gcc linker
arm-none-eabi-gcc -mcpu=cortex-a9 -mfpu=vfpv3 -mfloat-abi=hard -Wl,-build-id=none -specs=Xilinx.spec -Wl,-T -Wl,../src/lscript.ld -L../../kmeans_bsp/ps7_cortexa9_0/lib -o "kmeans.elf"  ./src/kmeans.o   -Wl,--start-group,-lxil,-lgcc,-lc,--end-group -Wl,--start-group,-lxilffs,-lxil,-lgcc,-lc,--end-group
Finished building target: kmeans.elf
 
Invoking: ARM v7 Print Size
arm-none-eabi-size kmeans.elf  |tee "kmeans.elf.size"
   text	   data	    bss	    dec	    hex	filename
  58472	   2228	  24576	  85276	  14d1c	kmeans.elf
Finished building: kmeans.elf.size
 
21:59:05 **** Auto Build of configuration Debug for project kmeans ****
make pre-build main-build 
a9-linaro-pre-build-step
 
Building file: ../src/kmeans.c
Invoking: ARM v7 gcc compiler
arm-none-eabi-gcc -Wall -O0 -g3 -c -fmessage-length=0 -MT"src/kmeans.o" -mcpu=cortex-a9 -mfpu=vfpv3 -mfloat-abi=hard -I../../kmeans_bsp/ps7_cortexa9_0/include -MMD -MP -MF"src/kmeans.d" -MT"src/kmeans.o" -o "src/kmeans.o" "../src/kmeans.c"
../src/kmeans.c:3:10: fatal error: fstream: No such file or directory
 #include <fstream>
          ^~~~~~~~~
compilation terminated.
src/subdir.mk:21: recipe for target 'src/kmeans.o' failed
make: *** [src/kmeans.o] Error 1
21:59:47 **** Auto Build of configuration Debug for project kmeans ****
make pre-build main-build 
a9-linaro-pre-build-step
 
Building file: ../src/kmeans.c
Invoking: ARM v7 gcc compiler
arm-none-eabi-gcc -Wall -O0 -g3 -c -fmessage-length=0 -MT"src/kmeans.o" -mcpu=cortex-a9 -mfpu=vfpv3 -mfloat-abi=hard -I../../kmeans_bsp/ps7_cortexa9_0/include -MMD -MP -MF"src/kmeans.d" -MT"src/kmeans.o" -o "src/kmeans.o" "../src/kmeans.c"
../src/kmeans.c:4:10: fatal error: sstream: No such file or directory
 #include <sstream>
          ^~~~~~~~~
compilation terminated.
src/subdir.mk:21: recipe for target 'src/kmeans.o' failed
make: *** [src/kmeans.o] Error 1
21:59:54 **** Auto Build of configuration Debug for project kmeans ****
make pre-build main-build 
a9-linaro-pre-build-step
 
Building file: ../src/kmeans.c
Invoking: ARM v7 gcc compiler
arm-none-eabi-gcc -Wall -O0 -g3 -c -fmessage-length=0 -MT"src/kmeans.o" -mcpu=cortex-a9 -mfpu=vfpv3 -mfloat-abi=hard -I../../kmeans_bsp/ps7_cortexa9_0/include -MMD -MP -MF"src/kmeans.d" -MT"src/kmeans.o" -o "src/kmeans.o" "../src/kmeans.c"
../src/kmeans.c: In function 'kmeans':
../src/kmeans.c:35:6: warning: unused variable 'in_index' [-Wunused-variable]
  int in_index[N_CLUSTER];
      ^~~~~~~~
Finished building: ../src/kmeans.c
 
Building target: kmeans.elf
Invoking: ARM v7 gcc linker
arm-none-eabi-gcc -mcpu=cortex-a9 -mfpu=vfpv3 -mfloat-abi=hard -Wl,-build-id=none -specs=Xilinx.spec -Wl,-T -Wl,../src/lscript.ld -L../../kmeans_bsp/ps7_cortexa9_0/lib -o "kmeans.elf"  ./src/kmeans.o   -Wl,--start-group,-lxil,-lgcc,-lc,--end-group -Wl,--start-group,-lxilffs,-lxil,-lgcc,-lc,--end-group
Finished building target: kmeans.elf
 
Invoking: ARM v7 Print Size
arm-none-eabi-size kmeans.elf  |tee "kmeans.elf.size"
   text	   data	    bss	    dec	    hex	filename
  58472	   2228	  24576	  85276	  14d1c	kmeans.elf
Finished building: kmeans.elf.size
 
22:05:53 **** Auto Build of configuration Debug for project kmeans ****
make pre-build main-build 
a9-linaro-pre-build-step
 
Building file: ../src/kmeans.c
Invoking: ARM v7 gcc compiler
arm-none-eabi-gcc -Wall -O0 -g3 -c -fmessage-length=0 -MT"src/kmeans.o" -mcpu=cortex-a9 -mfpu=vfpv3 -mfloat-abi=hard -I../../kmeans_bsp/ps7_cortexa9_0/include -MMD -MP -MF"src/kmeans.d" -MT"src/kmeans.o" -o "src/kmeans.o" "../src/kmeans.c"
../src/kmeans.c:18:1: error: expected '=', ',', ';', 'asm' or '__attribute__' before 'void'
 void kmeans(){
 ^~~~
make: *** [src/kmeans.o] Error 1
src/subdir.mk:21: recipe for target 'src/kmeans.o' failed
22:05:57 **** Auto Build of configuration Debug for project kmeans ****
make pre-build main-build 
a9-linaro-pre-build-step
 
Building file: ../src/kmeans.c
Invoking: ARM v7 gcc compiler
arm-none-eabi-gcc -Wall -O0 -g3 -c -fmessage-length=0 -MT"src/kmeans.o" -mcpu=cortex-a9 -mfpu=vfpv3 -mfloat-abi=hard -I../../kmeans_bsp/ps7_cortexa9_0/include -MMD -MP -MF"src/kmeans.d" -MT"src/kmeans.o" -o "src/kmeans.o" "../src/kmeans.c"
../src/kmeans.c: In function 'kmeans':
../src/kmeans.c:37:6: warning: unused variable 'in_index' [-Wunused-variable]
  int in_index[N_CLUSTER];
      ^~~~~~~~
At top level:
../src/kmeans.c:16:12: warning: 'file_in' defined but not used [-Wunused-variable]
 static FIL file_in;
            ^~~~~~~
Finished building: ../src/kmeans.c
 
Building target: kmeans.elf
Invoking: ARM v7 gcc linker
arm-none-eabi-gcc -mcpu=cortex-a9 -mfpu=vfpv3 -mfloat-abi=hard -Wl,-build-id=none -specs=Xilinx.spec -Wl,-T -Wl,../src/lscript.ld -L../../kmeans_bsp/ps7_cortexa9_0/lib -o "kmeans.elf"  ./src/kmeans.o   -Wl,--start-group,-lxil,-lgcc,-lc,--end-group -Wl,--start-group,-lxilffs,-lxil,-lgcc,-lc,--end-group
Finished building target: kmeans.elf
 
Invoking: ARM v7 Print Size
arm-none-eabi-size kmeans.elf  |tee "kmeans.elf.size"
   text	   data	    bss	    dec	    hex	filename
  58472	   2228	  25152	  85852	  14f5c	kmeans.elf
Finished building: kmeans.elf.size
 
22:16:49 **** Auto Build of configuration Debug for project kmeans ****
make pre-build main-build 
a9-linaro-pre-build-step
 
Building file: ../src/kmeans.c
Invoking: ARM v7 gcc compiler
arm-none-eabi-gcc -Wall -O0 -g3 -c -fmessage-length=0 -MT"src/kmeans.o" -mcpu=cortex-a9 -mfpu=vfpv3 -mfloat-abi=hard -I../../kmeans_bsp/ps7_cortexa9_0/include -MMD -MP -MF"src/kmeans.d" -MT"src/kmeans.o" -o "src/kmeans.o" "../src/kmeans.c"
../src/kmeans.c: In function 'kmeans':
../src/kmeans.c:38:6: warning: unused variable 'in_index' [-Wunused-variable]
  int in_index[N_CLUSTER];
      ^~~~~~~~
At top level:
../src/kmeans.c:17:12: warning: 'file_in' defined but not used [-Wunused-variable]
 static FIL file_in;
            ^~~~~~~
Finished building: ../src/kmeans.c
 
Building target: kmeans.elf
Invoking: ARM v7 gcc linker
arm-none-eabi-gcc -mcpu=cortex-a9 -mfpu=vfpv3 -mfloat-abi=hard -Wl,-build-id=none -specs=Xilinx.spec -Wl,-T -Wl,../src/lscript.ld -L../../kmeans_bsp/ps7_cortexa9_0/lib -o "kmeans.elf"  ./src/kmeans.o   -Wl,--start-group,-lxil,-lgcc,-lc,--end-group -Wl,--start-group,-lxilffs,-lxil,-lgcc,-lc,--end-group
Finished building target: kmeans.elf
 
Invoking: ARM v7 Print Size
arm-none-eabi-size kmeans.elf  |tee "kmeans.elf.size"
   text	   data	    bss	    dec	    hex	filename
  58468	   2228	  25152	  85848	  14f58	kmeans.elf
Finished building: kmeans.elf.size
 
22:18:10 **** Auto Build of configuration Debug for project kmeans ****
make pre-build main-build 
a9-linaro-pre-build-step
 
Building file: ../src/kmeans.c
Invoking: ARM v7 gcc compiler
arm-none-eabi-gcc -Wall -O0 -g3 -c -fmessage-length=0 -MT"src/kmeans.o" -mcpu=cortex-a9 -mfpu=vfpv3 -mfloat-abi=hard -I../../kmeans_bsp/ps7_cortexa9_0/include -MMD -MP -MF"src/kmeans.d" -MT"src/kmeans.o" -o "src/kmeans.o" "../src/kmeans.c"
../src/kmeans.c: In function 'kmeans':
../src/kmeans.c:38:6: warning: unused variable 'in_index' [-Wunused-variable]
  int in_index[N_CLUSTER];
      ^~~~~~~~
../src/kmeans.c: In function 'read_dataset':
[...]
                 from ../src/kmeans.c:1:
../../kmeans_bsp/ps7_cortexa9_0/include/ff.h:223:9: note: expected 'UINT * {aka unsigned int *}' but argument is of type 'int *'
 FRESULT f_read (FIL* fp, void* buff, UINT btr, UINT* br);   /* Read data from a file */
         ^~~~~~
../src/kmeans.c:124:35: warning: pointer targets in passing argument 4 of 'f_read' differ in signedness [-Wpointer-sign]
      f_read(&file_in, buf, CHUNK, &n_read);
                                   ^
In file included from ../src/kmeans.h:4:0,
                 from ../src/kmeans.c:1:
../../kmeans_bsp/ps7_cortexa9_0/include/ff.h:223:9: note: expected 'UINT * {aka unsigned int *}' but argument is of type 'int *'
 FRESULT f_read (FIL* fp, void* buff, UINT btr, UINT* br);   /* Read data from a file */
         ^~~~~~
Finished building: ../src/kmeans.c
 
Building target: kmeans.elf
Invoking: ARM v7 gcc linker
arm-none-eabi-gcc -mcpu=cortex-a9 -mfpu=vfpv3 -mfloat-abi=hard -Wl,-build-id=none -specs=Xilinx.spec -Wl,-T -Wl,../src/lscript.ld -L../../kmeans_bsp/ps7_cortexa9_0/lib -o "kmeans.elf"  ./src/kmeans.o   -lm -Wl,--start-group,-lxil,-lgcc,-lc,--end-group -Wl,--start-group,-lxilffs,-lxil,-lgcc,-lc,--end-group
./src/kmeans.o: In function `kmeans':
/home/fabian/Documents/ensta/deuxieme/rob307/git_repo/kmeans/hardware_arm_only/hardware_arm_only.sdk/kmeans/Debug/../src/kmeans.c:35: undefined reference to `start_time'
makefile:39: recipe for target 'kmeans.elf' failed
/home/fabian/Documents/ensta/deuxieme/rob307/git_repo/kmeans/hardware_arm_only/hardware_arm_only.sdk/kmeans/Debug/../src/kmeans.c:71: undefined reference to `get_time'
collect2: error: ld returned 1 exit status
make: *** [kmeans.elf] Error 1
14:35:46 **** Auto Build of configuration Debug for project kmeans ****
make pre-build main-build 
a9-linaro-pre-build-step
 
Building file: ../src/kmeans.c
Invoking: ARM v7 gcc compiler
arm-none-eabi-gcc -Wall -O0 -g3 -c -fmessage-length=0 -MT"src/kmeans.o" -mcpu=cortex-a9 -mfpu=vfpv3 -mfloat-abi=hard -I../../kmeans_bsp/ps7_cortexa9_0/include -MMD -MP -MF"src/kmeans.d" -MT"src/kmeans.o" -o "src/kmeans.o" "../src/kmeans.c"
../src/kmeans.c: In function 'read_dataset':
../src/kmeans.c:94:31: warning: pointer targets in passing argument 4 of 'f_read' differ in signedness [-Wpointer-sign]
  f_read(&file_in, buf, CHUNK, &n_read);
                               ^
In file included from ../src/kmeans.h:4:0,
                 from ../src/kmeans.c:1:
../../kmeans_bsp/ps7_cortexa9_0/include/ff.h:223:9: note: expected 'UINT * {aka unsigned int *}' but argument is of type 'int *'
 FRESULT f_read (FIL* fp, void* buff, UINT btr, UINT* br);   /* Read data from a file */
         ^~~~~~
../src/kmeans.c:124:35: warning: pointer targets in passing argument 4 of 'f_read' differ in signedness [-Wpointer-sign]
      f_read(&file_in, buf, CHUNK, &n_read);
                                   ^
In file included from ../src/kmeans.h:4:0,
                 from ../src/kmeans.c:1:
../../kmeans_bsp/ps7_cortexa9_0/include/ff.h:223:9: note: expected 'UINT * {aka unsigned int *}' but argument is of type 'int *'
 FRESULT f_read (FIL* fp, void* buff, UINT btr, UINT* br);   /* Read data from a file */
         ^~~~~~
Finished building: ../src/kmeans.c
 
Building target: kmeans.elf
Invoking: ARM v7 gcc linker
arm-none-eabi-gcc -mcpu=cortex-a9 -mfpu=vfpv3 -mfloat-abi=hard -Wl,-build-id=none -specs=Xilinx.spec -Wl,-T -Wl,../src/lscript.ld -L../../kmeans_bsp/ps7_cortexa9_0/lib -o "kmeans.elf"  ./src/kmeans.o   -lm -Wl,--start-group,-lxil,-lgcc,-lc,--end-group -Wl,--start-group,-lxilffs,-lxil,-lgcc,-lc,--end-group
./src/kmeans.o: In function `kmeans':
/home/fabian/Documents/ensta/deuxieme/rob307/git_repo/kmeans/hardware_arm_only/hardware_arm_only.sdk/kmeans/Debug/../src/kmeans.c:35: undefined reference to `start_time'
/home/fabian/Documents/ensta/deuxieme/rob307/git_repo/kmeans/hardware_arm_only/hardware_arm_only.sdk/kmeans/Debug/../src/kmeans.c:71: undefined reference to `get_time'
collect2: error: ld returned 1 exit status
makefile:39: recipe for target 'kmeans.elf' failed
make: *** [kmeans.elf] Error 1
14:40:18 **** Clean-only build of configuration Debug for project kmeans ****
make clean 
rm -rf  ./src/kmeans.o  ./src/kmeans.d  kmeans.elf.size  kmeans.elf
 
14:40:19 **** Auto Build of configuration Debug for project kmeans ****
make pre-build main-build 
a9-linaro-pre-build-step
 
Building file: ../src/kmeans.c
Invoking: ARM v7 gcc compiler
arm-none-eabi-gcc -Wall -O0 -g3 -c -fmessage-length=0 -MT"src/kmeans.o" -mcpu=cortex-a9 -mfpu=vfpv3 -mfloat-abi=hard -I../../kmeans_bsp/ps7_cortexa9_0/include -MMD -MP -MF"src/kmeans.d" -MT"src/kmeans.o" -o "src/kmeans.o" "../src/kmeans.c"
../src/kmeans.c: In function 'read_dataset':
../src/kmeans.c:94:31: warning: pointer targets in passing argument 4 of 'f_read' differ in signedness [-Wpointer-sign]
  f_read(&file_in, buf, CHUNK, &n_read);
                               ^
In file included from ../src/kmeans.h:4:0,
                 from ../src/kmeans.c:1:
../../kmeans_bsp/ps7_cortexa9_0/include/ff.h:223:9: note: expected 'UINT * {aka unsigned int *}' but argument is of type 'int *'
 FRESULT f_read (FIL* fp, void* buff, UINT btr, UINT* br);   /* Read data from a file */
         ^~~~~~
../src/kmeans.c:124:35: warning: pointer targets in passing argument 4 of 'f_read' differ in signedness [-Wpointer-sign]
      f_read(&file_in, buf, CHUNK, &n_read);
                                   ^
In file included from ../src/kmeans.h:4:0,
                 from ../src/kmeans.c:1:
../../kmeans_bsp/ps7_cortexa9_0/include/ff.h:223:9: note: expected 'UINT * {aka unsigned int *}' but argument is of type 'int *'
 FRESULT f_read (FIL* fp, void* buff, UINT btr, UINT* br);   /* Read data from a file */
         ^~~~~~
Finished building: ../src/kmeans.c
 
Building file: ../src/timer_c.c
Invoking: ARM v7 gcc compiler
arm-none-eabi-gcc -Wall -O0 -g3 -c -fmessage-length=0 -MT"src/timer_c.o" -mcpu=cortex-a9 -mfpu=vfpv3 -mfloat-abi=hard -I../../kmeans_bsp/ps7_cortexa9_0/include -MMD -MP -MF"src/timer_c.d" -MT"src/timer_c.o" -o "src/timer_c.o" "../src/timer_c.c"
Finished building: ../src/timer_c.c
 
Building target: kmeans.elf
Invoking: ARM v7 gcc linker
arm-none-eabi-gcc -mcpu=cortex-a9 -mfpu=vfpv3 -mfloat-abi=hard -Wl,-build-id=none -specs=Xilinx.spec -Wl,-T -Wl,../src/lscript.ld -L../../kmeans_bsp/ps7_cortexa9_0/lib -o "kmeans.elf"  ./src/kmeans.o ./src/timer_c.o   -lm -Wl,--start-group,-lxil,-lgcc,-lc,--end-group -Wl,--start-group,-lxilffs,-lxil,-lgcc,-lc,--end-group
Finished building target: kmeans.elf
 
Invoking: ARM v7 Print Size
arm-none-eabi-size kmeans.elf  |tee "kmeans.elf.size"
   text	   data	    bss	    dec	    hex	filename
 111240	   2676	20429888	20543804	139793c	kmeans.elf
Finished building: kmeans.elf.size
 
14:41:12 **** Auto Build of configuration Debug for project kmeans ****
make pre-build main-build 
a9-linaro-pre-build-step
 
Building file: ../src/kmeans.c
Invoking: ARM v7 gcc compiler
arm-none-eabi-gcc -Wall -O0 -g3 -c -fmessage-length=0 -MT"src/kmeans.o" -mcpu=cortex-a9 -mfpu=vfpv3 -mfloat-abi=hard -I../../kmeans_bsp/ps7_cortexa9_0/include -MMD -MP -MF"src/kmeans.d" -MT"src/kmeans.o" -o "src/kmeans.o" "../src/kmeans.c"
In file included from ../src/kmeans.c:1:0:
../src/kmeans.h:17:21: error: expected identifier or '(' before numeric constant
 #define N_ITERATION 100
                     ^
../src/kmeans.c:3:11: note: in expansion of macro 'N_ITERATION'
 const int N_ITERATION = 100;
           ^~~~~~~~~~~
../src/kmeans.h:18:18: error: expected identifier or '(' before numeric constant
 #define N_digits 9
                  ^
../src/kmeans.c:4:11: note: in expansion of macro 'N_digits'
 const int N_digits = 8;
           ^~~~~~~~
../src/kmeans.c: In function 'read_dataset':
../src/kmeans.c:94:31: warning: pointer targets in passing argument 4 of 'f_read' differ in signedness [-Wpointer-sign]
  f_read(&file_in, buf, CHUNK, &n_read);
                               ^
In file included from ../src/kmeans.h:4:0,
                 from ../src/kmeans.c:1:
../../kmeans_bsp/ps7_cortexa9_0/include/ff.h:223:9: note: expected 'UINT * {aka unsigned int *}' but argument is of type 'int *'
 FRESULT f_read (FIL* fp, void* buff, UINT btr, UINT* br);   /* Read data from a file */
         ^~~~~~
../src/kmeans.c:124:35: warning: pointer targets in passing argument 4 of 'f_read' differ in signedness [-Wpointer-sign]
      f_read(&file_in, buf, CHUNK, &n_read);
                                   ^
In file included from ../src/kmeans.h:4:0,
                 from ../src/kmeans.c:1:
../../kmeans_bsp/ps7_cortexa9_0/include/ff.h:223:9: note: expected 'UINT * {aka unsigned int *}' but argument is of type 'int *'
 FRESULT f_read (FIL* fp, void* buff, UINT btr, UINT* br);   /* Read data from a file */
         ^~~~~~
src/subdir.mk:24: recipe for target 'src/kmeans.o' failed
make: *** [src/kmeans.o] Error 1
14:41:22 **** Auto Build of configuration Debug for project kmeans ****
make pre-build main-build 
a9-linaro-pre-build-step
 
Building file: ../src/kmeans.c
Invoking: ARM v7 gcc compiler
arm-none-eabi-gcc -Wall -O0 -g3 -c -fmessage-length=0 -MT"src/kmeans.o" -mcpu=cortex-a9 -mfpu=vfpv3 -mfloat-abi=hard -I../../kmeans_bsp/ps7_cortexa9_0/include -MMD -MP -MF"src/kmeans.d" -MT"src/kmeans.o" -o "src/kmeans.o" "../src/kmeans.c"
../src/kmeans.c: In function 'read_dataset':
../src/kmeans.c:93:31: warning: pointer targets in passing argument 4 of 'f_read' differ in signedness [-Wpointer-sign]
  f_read(&file_in, buf, CHUNK, &n_read);
                               ^
In file included from ../src/kmeans.h:4:0,
                 from ../src/kmeans.c:1:
../../kmeans_bsp/ps7_cortexa9_0/include/ff.h:223:9: note: expected 'UINT * {aka unsigned int *}' but argument is of type 'int *'
 FRESULT f_read (FIL* fp, void* buff, UINT btr, UINT* br);   /* Read data from a file */
         ^~~~~~
../src/kmeans.c:123:35: warning: pointer targets in passing argument 4 of 'f_read' differ in signedness [-Wpointer-sign]
      f_read(&file_in, buf, CHUNK, &n_read);
                                   ^
In file included from ../src/kmeans.h:4:0,
                 from ../src/kmeans.c:1:
../../kmeans_bsp/ps7_cortexa9_0/include/ff.h:223:9: note: expected 'UINT * {aka unsigned int *}' but argument is of type 'int *'
 FRESULT f_read (FIL* fp, void* buff, UINT btr, UINT* br);   /* Read data from a file */
         ^~~~~~
Finished building: ../src/kmeans.c
 
Building target: kmeans.elf
Invoking: ARM v7 gcc linker
arm-none-eabi-gcc -mcpu=cortex-a9 -mfpu=vfpv3 -mfloat-abi=hard -Wl,-build-id=none -specs=Xilinx.spec -Wl,-T -Wl,../src/lscript.ld -L../../kmeans_bsp/ps7_cortexa9_0/lib -o "kmeans.elf"  ./src/kmeans.o ./src/timer_c.o   -lm -Wl,--start-group,-lxil,-lgcc,-lc,--end-group -Wl,--start-group,-lxilffs,-lxil,-lgcc,-lc,--end-group
Finished building target: kmeans.elf
 
Invoking: ARM v7 Print Size
arm-none-eabi-size kmeans.elf  |tee "kmeans.elf.size"
   text	   data	    bss	    dec	    hex	filename
 111104	   2676	20429888	20543668	13978b4	kmeans.elf
Finished building: kmeans.elf.size
 
14:41:35 **** Auto Build of configuration Debug for project kmeans ****
make pre-build main-build 
a9-linaro-pre-build-step
 
Building file: ../src/kmeans.c
Invoking: ARM v7 gcc compiler
arm-none-eabi-gcc -Wall -O0 -g3 -c -fmessage-length=0 -MT"src/kmeans.o" -mcpu=cortex-a9 -mfpu=vfpv3 -mfloat-abi=hard -I../../kmeans_bsp/ps7_cortexa9_0/include -MMD -MP -MF"src/kmeans.d" -MT"src/kmeans.o" -o "src/kmeans.o" "../src/kmeans.c"
../src/kmeans.c: In function 'read_dataset':
../src/kmeans.c:93:31: warning: pointer targets in passing argument 4 of 'f_read' differ in signedness [-Wpointer-sign]
  f_read(&file_in, buf, CHUNK, &n_read);
                               ^
In file included from ../src/kmeans.h:4:0,
                 from ../src/kmeans.c:1:
../../kmeans_bsp/ps7_cortexa9_0/include/ff.h:223:9: note: expected 'UINT * {aka unsigned int *}' but argument is of type 'int *'
 FRESULT f_read (FIL* fp, void* buff, UINT btr, UINT* br);   /* Read data from a file */
         ^~~~~~
../src/kmeans.c:123:35: warning: pointer targets in passing argument 4 of 'f_read' differ in signedness [-Wpointer-sign]
      f_read(&file_in, buf, CHUNK, &n_read);
                                   ^
In file included from ../src/kmeans.h:4:0,
                 from ../src/kmeans.c:1:
../../kmeans_bsp/ps7_cortexa9_0/include/ff.h:223:9: note: expected 'UINT * {aka unsigned int *}' but argument is of type 'int *'
 FRESULT f_read (FIL* fp, void* buff, UINT btr, UINT* br);   /* Read data from a file */
         ^~~~~~
Finished building: ../src/kmeans.c
 
Building target: kmeans.elf
Invoking: ARM v7 gcc linker
arm-none-eabi-gcc -mcpu=cortex-a9 -mfpu=vfpv3 -mfloat-abi=hard -Wl,-build-id=none -specs=Xilinx.spec -Wl,-T -Wl,../src/lscript.ld -L../../kmeans_bsp/ps7_cortexa9_0/lib -o "kmeans.elf"  ./src/kmeans.o ./src/timer_c.o   -lm -Wl,--start-group,-lxil,-lgcc,-lc,--end-group -Wl,--start-group,-lxilffs,-lxil,-lgcc,-lc,--end-group
Finished building target: kmeans.elf
 
Invoking: ARM v7 Print Size
arm-none-eabi-size kmeans.elf  |tee "kmeans.elf.size"
   text	   data	    bss	    dec	    hex	filename
 111104	   2676	20429888	20543668	13978b4	kmeans.elf
Finished building: kmeans.elf.size
 
14:41:49 **** Incremental Build of configuration Debug for project kmeans ****
make pre-build main-build 
a9-linaro-pre-build-step
 
make: Nothing to be done for 'main-build'.
14:47:56 **** Auto Build of configuration Debug for project kmeans ****
make pre-build main-build 
a9-linaro-pre-build-step
 
Building file: ../src/kmeans.c
Invoking: ARM v7 gcc compiler
arm-none-eabi-gcc -Wall -O0 -g3 -c -fmessage-length=0 -MT"src/kmeans.o" -mcpu=cortex-a9 -mfpu=vfpv3 -mfloat-abi=hard -I../../kmeans_bsp/ps7_cortexa9_0/include -MMD -MP -MF"src/kmeans.d" -MT"src/kmeans.o" -o "src/kmeans.o" "../src/kmeans.c"
../src/kmeans.c: In function 'read_dataset':
../src/kmeans.c:93:31: warning: pointer targets in passing argument 4 of 'f_read' differ in signedness [-Wpointer-sign]
  f_read(&file_in, buf, CHUNK, &n_read);
                               ^
In file included from ../src/kmeans.h:4:0,
                 from ../src/kmeans.c:1:
../../kmeans_bsp/ps7_cortexa9_0/include/ff.h:223:9: note: expected 'UINT * {aka unsigned int *}' but argument is of type 'int *'
 FRESULT f_read (FIL* fp, void* buff, UINT btr, UINT* br);   /* Read data from a file */
         ^~~~~~
../src/kmeans.c:123:35: warning: pointer targets in passing argument 4 of 'f_read' differ in signedness [-Wpointer-sign]
      f_read(&file_in, buf, CHUNK, &n_read);
                                   ^
In file included from ../src/kmeans.h:4:0,
                 from ../src/kmeans.c:1:
../../kmeans_bsp/ps7_cortexa9_0/include/ff.h:223:9: note: expected 'UINT * {aka unsigned int *}' but argument is of type 'int *'
 FRESULT f_read (FIL* fp, void* buff, UINT btr, UINT* br);   /* Read data from a file */
         ^~~~~~
Finished building: ../src/kmeans.c
 
Building target: kmeans.elf
Invoking: ARM v7 gcc linker
arm-none-eabi-gcc -mcpu=cortex-a9 -mfpu=vfpv3 -mfloat-abi=hard -Wl,-build-id=none -specs=Xilinx.spec -Wl,-T -Wl,../src/lscript.ld -L../../kmeans_bsp/ps7_cortexa9_0/lib -o "kmeans.elf"  ./src/kmeans.o ./src/timer_c.o   -lm -Wl,--start-group,-lxil,-lgcc,-lc,--end-group -Wl,--start-group,-lxilffs,-lxil,-lgcc,-lc,--end-group
Finished building target: kmeans.elf
 
Invoking: ARM v7 Print Size
arm-none-eabi-size kmeans.elf  |tee "kmeans.elf.size"
   text	   data	    bss	    dec	    hex	filename
 111104	   2676	20429888	20543668	13978b4	kmeans.elf
Finished building: kmeans.elf.size
 
14:49:21 **** Auto Build of configuration Debug for project kmeans ****
make pre-build main-build 
a9-linaro-pre-build-step
 
Building file: ../src/kmeans.c
Invoking: ARM v7 gcc compiler
arm-none-eabi-gcc -Wall -O0 -g3 -c -fmessage-length=0 -MT"src/kmeans.o" -mcpu=cortex-a9 -mfpu=vfpv3 -mfloat-abi=hard -I../../kmeans_bsp/ps7_cortexa9_0/include -MMD -MP -MF"src/kmeans.d" -MT"src/kmeans.o" -o "src/kmeans.o" "../src/kmeans.c"
../src/kmeans.c: In function 'read_dataset':
../src/kmeans.c:91:31: warning: pointer targets in passing argument 4 of 'f_read' differ in signedness [-Wpointer-sign]
  f_read(&file_in, buf, CHUNK, &n_read);
                               ^
In file included from ../src/kmeans.h:4:0,
                 from ../src/kmeans.c:1:
../../kmeans_bsp/ps7_cortexa9_0/include/ff.h:223:9: note: expected 'UINT * {aka unsigned int *}' but argument is of type 'int *'
 FRESULT f_read (FIL* fp, void* buff, UINT btr, UINT* br);   /* Read data from a file */
         ^~~~~~
../src/kmeans.c:121:35: warning: pointer targets in passing argument 4 of 'f_read' differ in signedness [-Wpointer-sign]
      f_read(&file_in, buf, CHUNK, &n_read);
                                   ^
In file included from ../src/kmeans.h:4:0,
                 from ../src/kmeans.c:1:
../../kmeans_bsp/ps7_cortexa9_0/include/ff.h:223:9: note: expected 'UINT * {aka unsigned int *}' but argument is of type 'int *'
 FRESULT f_read (FIL* fp, void* buff, UINT btr, UINT* br);   /* Read data from a file */
         ^~~~~~
Finished building: ../src/kmeans.c
 
Building target: kmeans.elf
Invoking: ARM v7 gcc linker
arm-none-eabi-gcc -mcpu=cortex-a9 -mfpu=vfpv3 -mfloat-abi=hard -Wl,-build-id=none -specs=Xilinx.spec -Wl,-T -Wl,../src/lscript.ld -L../../kmeans_bsp/ps7_cortexa9_0/lib -o "kmeans.elf"  ./src/kmeans.o ./src/timer_c.o   -lm -Wl,--start-group,-lxil,-lgcc,-lc,--end-group -Wl,--start-group,-lxilffs,-lxil,-lgcc,-lc,--end-group
Finished building target: kmeans.elf
 
Invoking: ARM v7 Print Size
arm-none-eabi-size kmeans.elf  |tee "kmeans.elf.size"
   text	   data	    bss	    dec	    hex	filename
 111104	   2676	20429888	20543668	13978b4	kmeans.elf
Finished building: kmeans.elf.size
 
14:50:29 **** Auto Build of configuration Debug for project kmeans ****
make pre-build main-build 
a9-linaro-pre-build-step
 
Building file: ../src/kmeans.c
Invoking: ARM v7 gcc compiler
arm-none-eabi-gcc -Wall -O0 -g3 -c -fmessage-length=0 -MT"src/kmeans.o" -mcpu=cortex-a9 -mfpu=vfpv3 -mfloat-abi=hard -I../../kmeans_bsp/ps7_cortexa9_0/include -MMD -MP -MF"src/kmeans.d" -MT"src/kmeans.o" -o "src/kmeans.o" "../src/kmeans.c"
../src/kmeans.c: In function 'read_dataset':
../src/kmeans.c:90:31: warning: pointer targets in passing argument 4 of 'f_read' differ in signedness [-Wpointer-sign]
  f_read(&file_in, buf, CHUNK, &n_read);
                               ^
In file included from ../src/kmeans.h:4:0,
                 from ../src/kmeans.c:1:
../../kmeans_bsp/ps7_cortexa9_0/include/ff.h:223:9: note: expected 'UINT * {aka unsigned int *}' but argument is of type 'int *'
 FRESULT f_read (FIL* fp, void* buff, UINT btr, UINT* br);   /* Read data from a file */
         ^~~~~~
../src/kmeans.c:120:35: warning: pointer targets in passing argument 4 of 'f_read' differ in signedness [-Wpointer-sign]
      f_read(&file_in, buf, CHUNK, &n_read);
                                   ^
In file included from ../src/kmeans.h:4:0,
                 from ../src/kmeans.c:1:
../../kmeans_bsp/ps7_cortexa9_0/include/ff.h:223:9: note: expected 'UINT * {aka unsigned int *}' but argument is of type 'int *'
 FRESULT f_read (FIL* fp, void* buff, UINT btr, UINT* br);   /* Read data from a file */
         ^~~~~~
Finished building: ../src/kmeans.c
 
Building target: kmeans.elf
Invoking: ARM v7 gcc linker
arm-none-eabi-gcc -mcpu=cortex-a9 -mfpu=vfpv3 -mfloat-abi=hard -Wl,-build-id=none -specs=Xilinx.spec -Wl,-T -Wl,../src/lscript.ld -L../../kmeans_bsp/ps7_cortexa9_0/lib -o "kmeans.elf"  ./src/kmeans.o ./src/timer_c.o   -lm -Wl,--start-group,-lxil,-lgcc,-lc,--end-group -Wl,--start-group,-lxilffs,-lxil,-lgcc,-lc,--end-group
Finished building target: kmeans.elf
 
Invoking: ARM v7 Print Size
arm-none-eabi-size kmeans.elf  |tee "kmeans.elf.size"
   text	   data	    bss	    dec	    hex	filename
 111104	   2676	20429888	20543668	13978b4	kmeans.elf
Finished building: kmeans.elf.size
 
